Archive member included to satisfy reference by file (symbol)

c:/st/stm32cubeide_1.8.0/stm32cubeide/plugins/com.st.stm32cube.ide.mcu.externaltools.gnu-tools-for-stm32.9-2020-q2-update.win32_2.0.0.202105311346/tools/bin/../lib/gcc/arm-none-eabi/9.3.1/../../../../arm-none-eabi/lib/thumb/v7e-m+fp/hard\libc_nano.a(lib_a-errno.o)
                              ./Core/Src/syscalls.o (__errno)
c:/st/stm32cubeide_1.8.0/stm32cubeide/plugins/com.st.stm32cube.ide.mcu.externaltools.gnu-tools-for-stm32.9-2020-q2-update.win32_2.0.0.202105311346/tools/bin/../lib/gcc/arm-none-eabi/9.3.1/../../../../arm-none-eabi/lib/thumb/v7e-m+fp/hard\libc_nano.a(lib_a-exit.o)
                              c:/st/stm32cubeide_1.8.0/stm32cubeide/plugins/com.st.stm32cube.ide.mcu.externaltools.gnu-tools-for-stm32.9-2020-q2-update.win32_2.0.0.202105311346/tools/bin/../lib/gcc/arm-none-eabi/9.3.1/../../../../arm-none-eabi/lib/thumb/v7e-m+fp/hard/crt0.o (exit)
c:/st/stm32cubeide_1.8.0/stm32cubeide/plugins/com.st.stm32cube.ide.mcu.externaltools.gnu-tools-for-stm32.9-2020-q2-update.win32_2.0.0.202105311346/tools/bin/../lib/gcc/arm-none-eabi/9.3.1/../../../../arm-none-eabi/lib/thumb/v7e-m+fp/hard\libc_nano.a(lib_a-findfp.o)
                              ./Middlewares/Third_Party/FreeRTOS/Source/tasks.o (__sf_fake_stderr)
c:/st/stm32cubeide_1.8.0/stm32cubeide/plugins/com.st.stm32cube.ide.mcu.externaltools.gnu-tools-for-stm32.9-2020-q2-update.win32_2.0.0.202105311346/tools/bin/../lib/gcc/arm-none-eabi/9.3.1/../../../../arm-none-eabi/lib/thumb/v7e-m+fp/hard\libc_nano.a(lib_a-fwalk.o)
                              c:/st/stm32cubeide_1.8.0/stm32cubeide/plugins/com.st.stm32cube.ide.mcu.externaltools.gnu-tools-for-stm32.9-2020-q2-update.win32_2.0.0.202105311346/tools/bin/../lib/gcc/arm-none-eabi/9.3.1/../../../../arm-none-eabi/lib/thumb/v7e-m+fp/hard\libc_nano.a(lib_a-findfp.o) (_fwalk)
c:/st/stm32cubeide_1.8.0/stm32cubeide/plugins/com.st.stm32cube.ide.mcu.externaltools.gnu-tools-for-stm32.9-2020-q2-update.win32_2.0.0.202105311346/tools/bin/../lib/gcc/arm-none-eabi/9.3.1/../../../../arm-none-eabi/lib/thumb/v7e-m+fp/hard\libc_nano.a(lib_a-impure.o)
                              c:/st/stm32cubeide_1.8.0/stm32cubeide/plugins/com.st.stm32cube.ide.mcu.externaltools.gnu-tools-for-stm32.9-2020-q2-update.win32_2.0.0.202105311346/tools/bin/../lib/gcc/arm-none-eabi/9.3.1/../../../../arm-none-eabi/lib/thumb/v7e-m+fp/hard\libc_nano.a(lib_a-exit.o) (_global_impure_ptr)
c:/st/stm32cubeide_1.8.0/stm32cubeide/plugins/com.st.stm32cube.ide.mcu.externaltools.gnu-tools-for-stm32.9-2020-q2-update.win32_2.0.0.202105311346/tools/bin/../lib/gcc/arm-none-eabi/9.3.1/../../../../arm-none-eabi/lib/thumb/v7e-m+fp/hard\libc_nano.a(lib_a-init.o)
                              c:/st/stm32cubeide_1.8.0/stm32cubeide/plugins/com.st.stm32cube.ide.mcu.externaltools.gnu-tools-for-stm32.9-2020-q2-update.win32_2.0.0.202105311346/tools/bin/../lib/gcc/arm-none-eabi/9.3.1/../../../../arm-none-eabi/lib/thumb/v7e-m+fp/hard/crt0.o (__libc_init_array)
c:/st/stm32cubeide_1.8.0/stm32cubeide/plugins/com.st.stm32cube.ide.mcu.externaltools.gnu-tools-for-stm32.9-2020-q2-update.win32_2.0.0.202105311346/tools/bin/../lib/gcc/arm-none-eabi/9.3.1/../../../../arm-none-eabi/lib/thumb/v7e-m+fp/hard\libc_nano.a(lib_a-itoa.o)
                              ./Core/Src/main.o (itoa)
c:/st/stm32cubeide_1.8.0/stm32cubeide/plugins/com.st.stm32cube.ide.mcu.externaltools.gnu-tools-for-stm32.9-2020-q2-update.win32_2.0.0.202105311346/tools/bin/../lib/gcc/arm-none-eabi/9.3.1/../../../../arm-none-eabi/lib/thumb/v7e-m+fp/hard\libc_nano.a(lib_a-lock.o)
                              c:/st/stm32cubeide_1.8.0/stm32cubeide/plugins/com.st.stm32cube.ide.mcu.externaltools.gnu-tools-for-stm32.9-2020-q2-update.win32_2.0.0.202105311346/tools/bin/../lib/gcc/arm-none-eabi/9.3.1/../../../../arm-none-eabi/lib/thumb/v7e-m+fp/hard\libc_nano.a(lib_a-findfp.o) (__retarget_lock_init_recursive)
c:/st/stm32cubeide_1.8.0/stm32cubeide/plugins/com.st.stm32cube.ide.mcu.externaltools.gnu-tools-for-stm32.9-2020-q2-update.win32_2.0.0.202105311346/tools/bin/../lib/gcc/arm-none-eabi/9.3.1/../../../../arm-none-eabi/lib/thumb/v7e-m+fp/hard\libc_nano.a(lib_a-malloc.o)
                              ./Core/Src/main.o (malloc)
c:/st/stm32cubeide_1.8.0/stm32cubeide/plugins/com.st.stm32cube.ide.mcu.externaltools.gnu-tools-for-stm32.9-2020-q2-update.win32_2.0.0.202105311346/tools/bin/../lib/gcc/arm-none-eabi/9.3.1/../../../../arm-none-eabi/lib/thumb/v7e-m+fp/hard\libc_nano.a(lib_a-memcpy-stub.o)
                              ./Middlewares/Third_Party/FreeRTOS/Source/CMSIS_RTOS_V2/cmsis_os2.o (memcpy)
c:/st/stm32cubeide_1.8.0/stm32cubeide/plugins/com.st.stm32cube.ide.mcu.externaltools.gnu-tools-for-stm32.9-2020-q2-update.win32_2.0.0.202105311346/tools/bin/../lib/gcc/arm-none-eabi/9.3.1/../../../../arm-none-eabi/lib/thumb/v7e-m+fp/hard\libc_nano.a(lib_a-memset.o)
[...]
Memory Configuration

Name             Origin             Length             Attributes
CCMRAM           0x0000000010000000 0x0000000000010000 xrw
RAM              0x0000000020000000 0x0000000000030000 xrw
FLASH            0x0000000008000000 0x0000000000200000 xr
*default*        0x0000000000000000 0xffffffffffffffff

Linker script and memory map

LOAD c:/st/stm32cubeide_1.8.0/stm32cubeide/plugins/com.st.stm32cube.ide.mcu.externaltools.gnu-tools-for-stm32.9-2020-q2-update.win32_2.0.0.202105311346/tools/bin/../lib/gcc/arm-none-eabi/9.3.1/thumb/v7e-m+fp/hard/crti.o
LOAD c:/st/stm32cubeide_1.8.0/stm32cubeide/plugins/com.st.stm32cube.ide.mcu.externaltools.gnu-tools-for-stm32.9-2020-q2-update.win32_2.0.0.202105311346/tools/bin/../lib/gcc/arm-none-eabi/9.3.1/thumb/v7e-m+fp/hard/crtbegin.o
LOAD c:/st/stm32cubeide_1.8.0/stm32cubeide/plugins/com.st.stm32cube.ide.mcu.externaltools.gnu-tools-for-stm32.9-2020-q2-update.win32_2.0.0.202105311346/tools/bin/../lib/gcc/arm-none-eabi/9.3.1/../../../../arm-none-eabi/lib/thumb/v7e-m+fp/hard/crt0.o
LOAD ./Core/Src/GUIConf.o
LOAD ./Core/Src/dwt_stm32_delay.o
LOAD ./Core/Src/freertos.o
LOAD ./Core/Src/main.o
LOAD ./Core/Src/stm32f4xx_hal_dma.o
LOAD ./Core/Src/stm32f4xx_hal_msp.o
LOAD ./Core/Src/stm32f4xx_hal_timebase_tim.o
LOAD ./Core/Src/stm32f4xx_it.o
LOAD ./Core/Src/syscalls.o
LOAD ./Core/Src/sysmem.o
LOAD ./Core/Src/system_stm32f4xx.o
LOAD ./Core/Startup/startup_stm32f439zitx.o
LOAD ./Drivers/BSP/Components/cs43l22/cs43l22.o
LOAD ./Drivers/BSP/Components/exc7200/exc7200.o
LOAD ./Drivers/BSP/Components/ft6x06/ft6x06.o
LOAD ./Drivers/BSP/Components/ili9325/ili9325.o
LOAD ./Drivers/BSP/Components/ili9341/ili9341.o
LOAD ./Drivers/BSP/Components/l3gd20/l3gd20.o
LOAD ./Drivers/BSP/Components/lis302dl/lis302dl.o
LOAD ./Drivers/BSP/Components/lis3dsh/lis3dsh.o
LOAD ./Drivers/BSP/Components/ls016b8uy/ls016b8uy.o
LOAD ./Drivers/BSP/Components/lsm303dlhc/lsm303dlhc.o
LOAD ./Drivers/BSP/Components/mfxstm32l152/mfxstm32l152.o
LOAD ./Drivers/BSP/Components/otm8009a/otm8009a.o
LOAD ./Drivers/BSP/Components/ov2640/ov2640.o
LOAD ./Drivers/BSP/Components/ov5640/ov5640.o
LOAD ./Drivers/BSP/Components/s5k5cag/s5k5cag.o
LOAD ./Drivers/BSP/Components/st7735/st7735.o
LOAD ./Drivers/BSP/Components/st7789h2/st7789h2.o
LOAD ./Drivers/BSP/Components/stmpe1600/stmpe1600.o
LOAD ./Drivers/BSP/Components/stmpe811/stmpe811.o
LOAD ./Drivers/BSP/Components/ts3510/ts3510.o
LOAD ./Drivers/BSP/Components/wm8994/wm8994.o
LOAD ./Drivers/BSP/STM32F429I-Discovery/stm32f429i_discovery.o
LOAD ./Drivers/BSP/STM32F429I-Discovery/stm32f429i_discovery_eeprom.o
LOAD ./Drivers/BSP/STM32F429I-Discovery/stm32f429i_discovery_gyroscope.o
LOAD ./Drivers/BSP/STM32F429I-Discovery/stm32f429i_discovery_io.o
LOAD ./Drivers/BSP/STM32F429I-Discovery/stm32f429i_discovery_lcd.o
LOAD ./Drivers/BSP/STM32F429I-Discovery/stm32f429i_discovery_sdram.o
LOAD ./Drivers/BSP/STM32F429I-Discovery/stm32f429i_discovery_ts.o
LOAD ./Drivers/STM32F4xx_HAL_Driver/Src/stm32f4xx_hal.o
LOAD ./Drivers/STM32F4xx_HAL_Driver/Src/stm32f4xx_hal_cortex.o
LOAD ./Drivers/STM32F4xx_HAL_Driver/Src/stm32f4xx_hal_dma2d.o
LOAD ./Drivers/STM32F4xx_HAL_Driver/Src/stm32f4xx_hal_dma_ex.o
LOAD ./Drivers/STM32F4xx_HAL_Driver/Src/stm32f4xx_hal_exti.o
LOAD ./Drivers/STM32F4xx_HAL_Driver/Src/stm32f4xx_hal_flash.o
LOAD ./Drivers/STM32F4xx_HAL_Driver/Src/stm32f4xx_hal_flash_ex.o
LOAD ./Drivers/STM32F4xx_HAL_Driver/Src/stm32f4xx_hal_flash_ramfunc.o
LOAD ./Drivers/STM32F4xx_HAL_Driver/Src/stm32f4xx_hal_gpio.o
LOAD ./Drivers/STM32F4xx_HAL_Driver/Src/stm32f4xx_hal_i2c.o
LOAD ./Drivers/STM32F4xx_HAL_Driver/Src/stm32f4xx_hal_ltdc.o
LOAD ./Drivers/STM32F4xx_HAL_Driver/Src/stm32f4xx_hal_pwr.o
LOAD ./Drivers/STM32F4xx_HAL_Driver/Src/stm32f4xx_hal_pwr_ex.o
LOAD ./Drivers/STM32F4xx_HAL_Driver/Src/stm32f4xx_hal_rcc.o
LOAD ./Drivers/STM32F4xx_HAL_Driver/Src/stm32f4xx_hal_rcc_ex.o
LOAD ./Drivers/STM32F4xx_HAL_Driver/Src/stm32f4xx_hal_sdram.o
LOAD ./Drivers/STM32F4xx_HAL_Driver/Src/stm32f4xx_hal_spi.o
LOAD ./Drivers/STM32F4xx_HAL_Driver/Src/stm32f4xx_hal_tim.o
LOAD ./Drivers/STM32F4xx_HAL_Driver/Src/stm32f4xx_hal_tim_ex.o
LOAD ./Drivers/STM32F4xx_HAL_Driver/Src/stm32f4xx_hal_uart.o
LOAD ./Drivers/STM32F4xx_HAL_Driver/Src/stm32f4xx_ll_fmc.o
LOAD ./Middlewares/Third_Party/FreeRTOS/Source/CMSIS_RTOS_V2/cmsis_os2.o
LOAD ./Middlewares/Third_Party/FreeRTOS/Source/croutine.o
LOAD ./Middlewares/Third_Party/FreeRTOS/Source/event_groups.o
LOAD ./Middlewares/Third_Party/FreeRTOS/Source/list.o
LOAD ./Middlewares/Third_Party/FreeRTOS/Source/queue.o
LOAD ./Middlewares/Third_Party/FreeRTOS/Source/stream_buffer.o
LOAD ./Middlewares/Third_Party/FreeRTOS/Source/tasks.o
LOAD ./Middlewares/Third_Party/FreeRTOS/Source/timers.o
LOAD ./Middlewares/Third_Party/FreeRTOS/Source/portable/GCC/ARM_CM4F/port.o
LOAD ./Middlewares/Third_Party/FreeRTOS/Source/portable/MemMang/heap_4.o
START GROUP
LOAD c:/st/stm32cubeide_1.8.0/stm32cubeide/plugins/com.st.stm32cube.ide.mcu.externaltools.gnu-tools-for-stm32.9-2020-q2-update.win32_2.0.0.202105311346/tools/bin/../lib/gcc/arm-none-eabi/9.3.1/../../../../arm-none-eabi/lib/thumb/v7e-m+fp/hard\libc_nano.a
LOAD c:/st/stm32cubeide_1.8.0/stm32cubeide/plugins/com.st.stm32cube.ide.mcu.externaltools.gnu-tools-for-stm32.9-2020-q2-update.win32_2.0.0.202105311346/tools/bin/../lib/gcc/arm-none-eabi/9.3.1/../../../../arm-none-eabi/lib/thumb/v7e-m+fp/hard\libm.a
END GROUP
START GROUP
LOAD c:/st/stm32cubeide_1.8.0/stm32cubeide/plugins/com.st.stm32cube.ide.mcu.externaltools.gnu-tools-for-stm32.9-2020-q2-update.win32_2.0.0.202105311346/tools/bin/../lib/gcc/arm-none-eabi/9.3.1/thumb/v7e-m+fp/hard\libgcc.a
LOAD c:/st/stm32cubeide_1.8.0/stm32cubeide/plugins/com.st.stm32cube.ide.mcu.externaltools.gnu-tools-for-stm32.9-2020-q2-update.win32_2.0.0.202105311346/tools/bin/../lib/gcc/arm-none-eabi/9.3.1/../../../../arm-none-eabi/lib/thumb/v7e-m+fp/hard\libc_nano.a
END GROUP
START GROUP
LOAD c:/st/stm32cubeide_1.8.0/stm32cubeide/plugins/com.st.stm32cube.ide.mcu.externaltools.gnu-tools-for-stm32.9-2020-q2-update.win32_2.0.0.202105311346/tools/bin/../lib/gcc/arm-none-eabi/9.3.1/thumb/v7e-m+fp/hard\libgcc.a
LOAD c:/st/stm32cubeide_1.8.0/stm32cubeide/plugins/com.st.stm32cube.ide.mcu.externaltools.gnu-tools-for-stm32.9-2020-q2-update.win32_2.0.0.202105311346/tools/bin/../lib/gcc/arm-none-eabi/9.3.1/../../../../arm-none-eabi/lib/thumb/v7e-m+fp/hard\libc_nano.a
LOAD c:/st/stm32cubeide_1.8.0/stm32cubeide/plugins/com.st.stm32cube.ide.mcu.externaltools.gnu-tools-for-stm32.9-2020-q2-update.win32_2.0.0.202105311346/tools/bin/../lib/gcc/arm-none-eabi/9.3.1/../../../../arm-none-eabi/lib/thumb/v7e-m+fp/hard\libnosys.a
END GROUP
START GROUP
LOAD c:/st/stm32cubeide_1.8.0/stm32cubeide/plugins/com.st.stm32cube.ide.mcu.externaltools.gnu-tools-for-stm32.9-2020-q2-update.win32_2.0.0.202105311346/tools/bin/../lib/gcc/arm-none-eabi/9.3.1/thumb/v7e-m+fp/hard\libgcc.a
LOAD c:/st/stm32cubeide_1.8.0/stm32cubeide/plugins/com.st.stm32cube.ide.mcu.externaltools.gnu-tools-for-stm32.9-2020-q2-update.win32_2.0.0.202105311346/tools/bin/../lib/gcc/arm-none-eabi/9.3.1/../../../../arm-none-eabi/lib/thumb/v7e-m+fp/hard\libc_nano.a
LOAD c:/st/stm32cubeide_1.8.0/stm32cubeide/plugins/com.st.stm32cube.ide.mcu.externaltools.gnu-tools-for-stm32.9-2020-q2-update.win32_2.0.0.202105311346/tools/bin/../lib/gcc/arm-none-eabi/9.3.1/../../../../arm-none-eabi/lib/thumb/v7e-m+fp/hard\libnosys.a
END GROUP
LOAD c:/st/stm32cubeide_1.8.0/stm32cubeide/plugins/com.st.stm32cube.ide.mcu.externaltools.gnu-tools-for-stm32.9-2020-q2-update.win32_2.0.0.202105311346/tools/bin/../lib/gcc/arm-none-eabi/9.3.1/thumb/v7e-m+fp/hard/crtend.o
LOAD c:/st/stm32cubeide_1.8.0/stm32cubeide/plugins/com.st.stm32cube.ide.mcu.externaltools.gnu-tools-for-stm32.9-2020-q2-update.win32_2.0.0.202105311346/tools/bin/../lib/gcc/arm-none-eabi/9.3.1/thumb/v7e-m+fp/hard/crtn.o
                0x0000000020030000                _estack = (ORIGIN (RAM) + LENGTH (RAM))
                0x0000000000000200                _Min_Heap_Size = 0x200
                0x0000000000000400                _Min_Stack_Size = 0x400

.isr_vector     0x0000000008000000      0x1ac
                0x0000000008000000                . = ALIGN (0x4)
 *(.isr_vector)
 .isr_vector    0x0000000008000000      0x1ac ./Core/Startup/startup_stm32f439zitx.o
                0x0000000008000000                g_pfnVectors
                0x00000000080001ac                . = ALIGN (0x4)

.text           0x00000000080001b0     0xcb88
                0x00000000080001b0                . = ALIGN (0x4)
 *(.text)
 .text          0x00000000080001b0       0x40 c:/st/stm32cubeide_1.8.0/stm32cubeide/plugins/com.st.stm32cube.ide.mcu.externaltools.gnu-tools-for-stm32.9-2020-q2-update.win32_2.0.0.202105311346/tools/bin/../lib/gcc/arm-none-eabi/9.3.1/thumb/v7e-m+fp/hard/crtbegin.o
 .text          0x00000000080001f0       0x10 c:/st/stm32cubeide_1.8.0/stm32cubeide/plugins/com.st.stm32cube.ide.mcu.externaltools.gnu-tools-for-stm32.9-2020-q2-update.win32_2.0.0.202105311346/tools/bin/../lib/gcc/arm-none-eabi/9.3.1/../../../../arm-none-eabi/lib/thumb/v7e-m+fp/hard\libc_nano.a(lib_a-strlen.o)
                0x00000000080001f0                strlen
 .text          0x0000000008000200       0xa0 c:/st/stm32cubeide_1.8.0/stm32cubeide/plugins/com.st.stm32cube.ide.mcu.externaltools.gnu-tools-for-stm32.9-2020-q2-update.win32_2.0.0.202105311346/tools/bin/../lib/gcc/arm-none-eabi/9.3.1/../../../../arm-none-eabi/lib/thumb/v7e-m+fp/hard\libc_nano.a(lib_a-memchr.o)
                0x0000000008000200                memchr
 .text          0x00000000080002a0      0x378 c:/st/stm32cubeide_1.8.0/stm32cubeide/plugins/com.st.stm32cube.ide.mcu.externaltools.gnu-tools-for-stm32.9-2020-q2-update.win32_2.0.0.202105311346/tools/bin/../lib/gcc/arm-none-eabi/9.3.1/thumb/v7e-m+fp/hard\libgcc.a(_arm_addsubdf3.o)
                0x00000000080002a0                __aeabi_drsub
                0x00000000080002a8                __aeabi_dsub
                0x00000000080002a8                __subdf3
                0x00000000080002ac                __aeabi_dadd
                0x00000000080002ac                __adddf3
                0x0000000008000524                __floatunsidf
                0x0000000008000524                __aeabi_ui2d
                0x0000000008000544                __floatsidf
                0x0000000008000544                __aeabi_i2d
                0x0000000008000568                __aeabi_f2d
                0x0000000008000568                __extendsfdf2
                0x00000000080005ac                __floatundidf
                0x00000000080005ac                __aeabi_ul2d
                0x00000000080005bc                __floatdidf
                0x00000000080005bc                __aeabi_l2d
 .text          0x0000000008000618      0x424 c:/st/stm32cubeide_1.8.0/stm32cubeide/plugins/com.st.stm32cube.ide.mcu.externaltools.gnu-tools-for-stm32.9-2020-q2-update.win32_2.0.0.202105311346/tools/bin/../lib/gcc/arm-none-eabi/9.3.1/thumb/v7e-m+fp/hard\libgcc.a(_arm_muldivdf3.o)
                0x0000000008000618                __aeabi_dmul
                0x0000000008000618                __muldf3
                0x000000000800086c                __divdf3
                0x000000000800086c                __aeabi_ddiv
 .text          0x0000000008000a3c      0x110 c:/st/stm32cubeide_1.8.0/stm32cubeide/plugins/com.st.stm32cube.ide.mcu.externaltools.gnu-tools-for-stm32.9-2020-q2-update.win32_2.0.0.202105311346/tools/bin/../lib/gcc/arm-none-eabi/9.3.1/thumb/v7e-m+fp/hard\libgcc.a(_arm_cmpdf2.o)
                0x0000000008000a3c                __gtdf2
                0x0000000008000a3c                __gedf2
                0x0000000008000a44                __ltdf2
                0x0000000008000a44                __ledf2
                0x0000000008000a4c                __nedf2
                0x0000000008000a4c                __eqdf2
                0x0000000008000a4c                __cmpdf2
                0x0000000008000ac8                __aeabi_cdrcmple
                0x0000000008000ad8                __aeabi_cdcmpeq
                0x0000000008000ad8                __aeabi_cdcmple
                0x0000000008000ae8                __aeabi_dcmpeq
                0x0000000008000afc                __aeabi_dcmplt
                0x0000000008000b10                __aeabi_dcmple
                0x0000000008000b24                __aeabi_dcmpge
                0x0000000008000b38                __aeabi_dcmpgt
 .text          0x0000000008000b4c       0x40 c:/st/stm32cubeide_1.8.0/stm32cubeide/plugins/com.st.stm32cube.ide.mcu.externaltools.gnu-tools-for-stm32.9-2020-q2-update.win32_2.0.0.202105311346/tools/bin/../lib/gcc/arm-none-eabi/9.3.1/thumb/v7e-m+fp/hard\libgcc.a(_arm_fixunsdfsi.o)
                0x0000000008000b4c                __aeabi_d2uiz
                0x0000000008000b4c                __fixunsdfsi
 .text          0x0000000008000b8c       0xa0 c:/st/stm32cubeide_1.8.0/stm32cubeide/plugins/com.st.stm32cube.ide.mcu.externaltools.gnu-tools-for-stm32.9-2020-q2-update.win32_2.0.0.202105311346/tools/bin/../lib/gcc/arm-none-eabi/9.3.1/thumb/v7e-m+fp/hard\libgcc.a(_arm_truncdfsf2.o)
                0x0000000008000b8c                __truncdfsf2
                0x0000000008000b8c                __aeabi_d2f
 .text          0x0000000008000c2c       0x30 c:/st/stm32cubeide_1.8.0/stm32cubeide/plugins/com.st.stm32cube.ide.mcu.externaltools.gnu-tools-for-stm32.9-2020-q2-update.win32_2.0.0.202105311346/tools/bin/../lib/gcc/arm-none-eabi/9.3.1/thumb/v7e-m+fp/hard\libgcc.a(_aeabi_uldivmod.o)
                0x0000000008000c2c                __aeabi_uldivmod
 .text          0x0000000008000c5c      0x2c4 c:/st/stm32cubeide_1.8.0/stm32cubeide/plugins/com.st.stm32cube.ide.mcu.externaltools.gnu-tools-for-stm32.9-2020-q2-update.win32_2.0.0.202105311346/tools/bin/../lib/gcc/arm-none-eabi/9.3.1/thumb/v7e-m+fp/hard\libgcc.a(_udivmoddi4.o)
                0x0000000008000c5c                __udivmoddi4
 .text          0x0000000008000f20        0x4 c:/st/stm32cubeide_1.8.0/stm32cubeide/plugins/com.st.stm32cube.ide.mcu.externaltools.gnu-tools-for-stm32.9-2020-q2-update.win32_2.0.0.202105311346/tools/bin/../lib/gcc/arm-none-eabi/9.3.1/thumb/v7e-m+fp/hard\libgcc.a(_dvmd_tls.o)
                0x0000000008000f20                __aeabi_idiv0
                0x0000000008000f20                __aeabi_ldiv0
 *(.text*)
 .text.DWT_Delay_Init
                0x0000000008000f24       0x60 ./Core/Src/dwt_stm32_delay.o
                0x0000000008000f24                DWT_Delay_Init
 .text.DWT_Delay_us
                0x0000000008000f84       0x48 ./Core/Src/main.o
 .text.printMessage
                0x0000000008000fcc       0x44 ./Core/Src/main.o
                0x0000000008000fcc                printMessage
 .text.Read_HCSR04
                0x0000000008001010       0x7c ./Core/Src/main.o
                0x0000000008001010                Read_HCSR04
 .text.HAL_TIM_PeriodElapsedCallback
                0x000000000800108c       0x34 ./Core/Src/main.o
                0x000000000800108c                HAL_TIM_PeriodElapsedCallback
 .text.simulateButtonPress
                0x00000000080010c0       0x20 ./Core/Src/main.o
                0x00000000080010c0                simulateButtonPress
 .text.HAL_GPIO_EXTI_Callback
                0x00000000080010e0      0x260 ./Core/Src/main.o
                0x00000000080010e0                HAL_GPIO_EXTI_Callback
 .text.drawTicks
                0x0000000008001340      0x278 ./Core/Src/main.o
                0x0000000008001340                drawTicks
 .text.drawArc  0x00000000080015b8      0x104 ./Core/Src/main.o
                0x00000000080015b8                drawArc
 *fill*         0x00000000080016bc        0x4 
 .text.tick_to_needle
                0x00000000080016c0      0x28c ./Core/Src/main.o
                0x00000000080016c0                tick_to_needle
 .text.drawFilledCircle
                0x000000000800194c       0x2e ./Core/Src/main.o
                0x000000000800194c                drawFilledCircle
 *fill*         0x000000000800197a        0x2 
 .text.drawNeedle
                0x000000000800197c      0x178 ./Core/Src/main.o
                0x000000000800197c                drawNeedle
 .text.drawArc_with_Lines
                0x0000000008001af4      0x110 ./Core/Src/main.o
                0x0000000008001af4                drawArc_with_Lines
 .text.main     0x0000000008001c04       0xac ./Core/Src/main.o
                0x0000000008001c04                main
 .text.SystemClock_Config
                0x0000000008001cb0       0xe4 ./Core/Src/main.o
                0x0000000008001cb0                SystemClock_Config
 .text.MX_TIM2_Init
                0x0000000008001d94       0x9c ./Core/Src/main.o
 .text.MX_TIM3_Init
                0x0000000008001e30       0x9c ./Core/Src/main.o
 .text.MX_USART1_UART_Init
                0x0000000008001ecc       0x54 ./Core/Src/main.o
 .text.MX_GPIO_Init
                0x0000000008001f20      0x294 ./Core/Src/main.o
 .text.StartDefaultTask
                0x00000000080021b4       0x7c ./Core/Src/main.o
                0x00000000080021b4                StartDefaultTask
 .text.StartTask02
                0x0000000008002230        0xa ./Core/Src/main.o
                0x0000000008002230                StartTask02
 *fill*         0x000000000800223a        0x2 
 .text.StartTask03
                0x000000000800223c      0x448 ./Core/Src/main.o
                0x000000000800223c                StartTask03
 .text.Error_Handler
                0x0000000008002684        0xa ./Core/Src/main.o
                0x0000000008002684                Error_Handler
 *fill*         0x000000000800268e        0x2 
 .text.HAL_DMA_Init
                0x0000000008002690      0x15c ./Core/Src/stm32f4xx_hal_dma.o
                0x0000000008002690                HAL_DMA_Init
 .text.HAL_DMA_DeInit
                0x00000000080027ec       0xbc ./Core/Src/stm32f4xx_hal_dma.o
                0x00000000080027ec                HAL_DMA_DeInit
 .text.DMA_CalcBaseAndBitshift
                0x00000000080028a8       0x6c ./Core/Src/stm32f4xx_hal_dma.o
 .text.DMA_CheckFifoParam
                0x0000000008002914       0xf8 ./Core/Src/stm32f4xx_hal_dma.o
 .text.HAL_MspInit
                0x0000000008002a0c       0x58 ./Core/Src/stm32f4xx_hal_msp.o
                0x0000000008002a0c                HAL_MspInit
 .text.HAL_TIM_Base_MspInit
                0x0000000008002a64       0x88 ./Core/Src/stm32f4xx_hal_msp.o
                0x0000000008002a64                HAL_TIM_Base_MspInit
 .text.HAL_UART_MspInit
                0x0000000008002aec       0x90 ./Core/Src/stm32f4xx_hal_msp.o
                0x0000000008002aec                HAL_UART_MspInit
 .text.HAL_InitTick
                0x0000000008002b7c       0xb4 ./Core/Src/stm32f4xx_hal_timebase_tim.o
                0x0000000008002b7c                HAL_InitTick
 .text.NMI_Handler
                0x0000000008002c30        0x6 ./Core/Src/stm32f4xx_it.o
                0x0000000008002c30                NMI_Handler
 .text.HardFault_Handler
                0x0000000008002c36        0x6 ./Core/Src/stm32f4xx_it.o
                0x0000000008002c36                HardFault_Handler
 .text.MemManage_Handler
                0x0000000008002c3c        0x6 ./Core/Src/stm32f4xx_it.o
                0x0000000008002c3c                MemManage_Handler
 .text.BusFault_Handler
                0x0000000008002c42        0x6 ./Core/Src/stm32f4xx_it.o
                0x0000000008002c42                BusFault_Handler
 .text.UsageFault_Handler
                0x0000000008002c48        0x6 ./Core/Src/stm32f4xx_it.o
                0x0000000008002c48                UsageFault_Handler
 .text.DebugMon_Handler
                0x0000000008002c4e        0xe ./Core/Src/stm32f4xx_it.o
                0x0000000008002c4e                DebugMon_Handler
 .text.EXTI0_IRQHandler
                0x0000000008002c5c        0xe ./Core/Src/stm32f4xx_it.o
                0x0000000008002c5c                EXTI0_IRQHandler
 *fill*         0x0000000008002c6a        0x2 
 .text.TIM2_IRQHandler
                0x0000000008002c6c       0x14 ./Core/Src/stm32f4xx_it.o
                0x0000000008002c6c                TIM2_IRQHandler
 .text.TIM3_IRQHandler
                0x0000000008002c80       0x14 ./Core/Src/stm32f4xx_it.o
                0x0000000008002c80                TIM3_IRQHandler
 .text.TIM6_DAC_IRQHandler
                0x0000000008002c94       0x14 ./Core/Src/stm32f4xx_it.o
                0x0000000008002c94                TIM6_DAC_IRQHandler
 .text._sbrk    0x0000000008002ca8       0x6c ./Core/Src/sysmem.o
                0x0000000008002ca8                _sbrk
 .text.SystemInit
                0x0000000008002d14       0x24 ./Core/Src/system_stm32f4xx.o
                0x0000000008002d14                SystemInit
 .text.Reset_Handler
                0x0000000008002d38       0x50 ./Core/Startup/startup_stm32f439zitx.o
                0x0000000008002d38                Reset_Handler
 .text.Default_Handler
                0x0000000008002d88        0x2 ./Core/Startup/startup_stm32f439zitx.o
                0x0000000008002d88                RTC_Alarm_IRQHandler
                0x0000000008002d88                HASH_RNG_IRQHandler
                0x0000000008002d88                EXTI2_IRQHandler
                0x0000000008002d88                TIM8_CC_IRQHandler
                0x0000000008002d88                UART8_IRQHandler
                0x0000000008002d88                SPI4_IRQHandler
                0x0000000008002d88                TIM1_CC_IRQHandler
                0x0000000008002d88                DMA2_Stream5_IRQHandler
                0x0000000008002d88                DMA1_Stream5_IRQHandler
                0x0000000008002d88                PVD_IRQHandler
                0x0000000008002d88                SDIO_IRQHandler
                0x0000000008002d88                TAMP_STAMP_IRQHandler
                0x0000000008002d88                CAN2_RX1_IRQHandler
                0x0000000008002d88                EXTI3_IRQHandler
                0x0000000008002d88                TIM8_TRG_COM_TIM14_IRQHandler
                0x0000000008002d88                TIM1_UP_TIM10_IRQHandler
                0x0000000008002d88                TIM8_UP_TIM13_IRQHandler
                0x0000000008002d88                I2C3_ER_IRQHandler
                0x0000000008002d88                I2C2_EV_IRQHandler
                0x0000000008002d88                DMA1_Stream2_IRQHandler
                0x0000000008002d88                CAN1_RX0_IRQHandler
                0x0000000008002d88                FPU_IRQHandler
                0x0000000008002d88                OTG_HS_WKUP_IRQHandler
                0x0000000008002d88                LTDC_ER_IRQHandler
                0x0000000008002d88                CAN2_SCE_IRQHandler
                0x0000000008002d88                DMA2_Stream2_IRQHandler
                0x0000000008002d88                SPI1_IRQHandler
                0x0000000008002d88                TIM1_BRK_TIM9_IRQHandler
                0x0000000008002d88                DCMI_IRQHandler
                0x0000000008002d88                CAN2_RX0_IRQHandler
                0x0000000008002d88                DMA2_Stream3_IRQHandler
                0x0000000008002d88                USART6_IRQHandler
                0x0000000008002d88                USART3_IRQHandler
                0x0000000008002d88                CRYP_IRQHandler
                0x0000000008002d88                CAN1_RX1_IRQHandler
                0x0000000008002d88                UART5_IRQHandler
                0x0000000008002d88                DMA2_Stream0_IRQHandler
                0x0000000008002d88                TIM4_IRQHandler
                0x0000000008002d88                I2C1_EV_IRQHandler
                0x0000000008002d88                DMA1_Stream6_IRQHandler
                0x0000000008002d88                DMA1_Stream1_IRQHandler
                0x0000000008002d88                UART4_IRQHandler
                0x0000000008002d88                RCC_IRQHandler
                0x0000000008002d88                TIM8_BRK_TIM12_IRQHandler
                0x0000000008002d88                Default_Handler
                0x0000000008002d88                EXTI15_10_IRQHandler
                0x0000000008002d88                ADC_IRQHandler
                0x0000000008002d88                DMA1_Stream7_IRQHandler
                0x0000000008002d88                SPI5_IRQHandler
                0x0000000008002d88                TIM7_IRQHandler
                0x0000000008002d88                CAN2_TX_IRQHandler
                0x0000000008002d88                TIM5_IRQHandler
                0x0000000008002d88                DMA2_Stream7_IRQHandler
                0x0000000008002d88                I2C3_EV_IRQHandler
                0x0000000008002d88                EXTI9_5_IRQHandler
                0x0000000008002d88                RTC_WKUP_IRQHandler
                0x0000000008002d88                LTDC_IRQHandler
                0x0000000008002d88                ETH_WKUP_IRQHandler
                0x0000000008002d88                SPI2_IRQHandler
                0x0000000008002d88                OTG_HS_EP1_IN_IRQHandler
                0x0000000008002d88                DMA1_Stream0_IRQHandler
                0x0000000008002d88                CAN1_TX_IRQHandler
                0x0000000008002d88                EXTI4_IRQHandler
                0x0000000008002d88                ETH_IRQHandler
                0x0000000008002d88                OTG_HS_EP1_OUT_IRQHandler
                0x0000000008002d88                WWDG_IRQHandler
                0x0000000008002d88                SPI6_IRQHandler
                0x0000000008002d88                OTG_FS_WKUP_IRQHandler
                0x0000000008002d88                TIM1_TRG_COM_TIM11_IRQHandler
                0x0000000008002d88                OTG_HS_IRQHandler
                0x0000000008002d88                DMA2D_IRQHandler
                0x0000000008002d88                EXTI1_IRQHandler
                0x0000000008002d88                UART7_IRQHandler
                0x0000000008002d88                USART2_IRQHandler
                0x0000000008002d88                I2C2_ER_IRQHandler
                0x0000000008002d88                DMA2_Stream1_IRQHandler
                0x0000000008002d88                CAN1_SCE_IRQHandler
                0x0000000008002d88                FLASH_IRQHandler
                0x0000000008002d88                DMA2_Stream4_IRQHandler
                0x0000000008002d88                USART1_IRQHandler
                0x0000000008002d88                OTG_FS_IRQHandler
                0x0000000008002d88                SPI3_IRQHandler
                0x0000000008002d88                DMA1_Stream4_IRQHandler
                0x0000000008002d88                I2C1_ER_IRQHandler
                0x0000000008002d88                FMC_IRQHandler
                0x0000000008002d88                DMA2_Stream6_IRQHandler
                0x0000000008002d88                SAI1_IRQHandler
                0x0000000008002d88                DMA1_Stream3_IRQHandler
 .text.ili9341_Init
                0x0000000008002d8a      0x294 ./Drivers/BSP/Components/ili9341/ili9341.o
                0x0000000008002d8a                ili9341_Init
 .text.ili9341_ReadID
                0x000000000800301e       0x18 ./Drivers/BSP/Components/ili9341/ili9341.o
                0x000000000800301e                ili9341_ReadID
 .text.ili9341_DisplayOn
                0x0000000008003036        0xe ./Drivers/BSP/Components/ili9341/ili9341.o
                0x0000000008003036                ili9341_DisplayOn
 .text.ili9341_DisplayOff
                0x0000000008003044        0xe ./Drivers/BSP/Components/ili9341/ili9341.o
                0x0000000008003044                ili9341_DisplayOff
 .text.ili9341_WriteReg
                0x0000000008003052       0x1a ./Drivers/BSP/Components/ili9341/ili9341.o
                0x0000000008003052                ili9341_WriteReg
 .text.ili9341_WriteData
                0x000000000800306c       0x1a ./Drivers/BSP/Components/ili9341/ili9341.o
                0x000000000800306c                ili9341_WriteData
 .text.ili9341_ReadData
                0x0000000008003086       0x26 ./Drivers/BSP/Components/ili9341/ili9341.o
                0x0000000008003086                ili9341_ReadData
 .text.ili9341_GetLcdPixelWidth
                0x00000000080030ac       0x10 ./Drivers/BSP/Components/ili9341/ili9341.o
                0x00000000080030ac                ili9341_GetLcdPixelWidth
 .text.ili9341_GetLcdPixelHeight
                0x00000000080030bc       0x12 ./Drivers/BSP/Components/ili9341/ili9341.o
                0x00000000080030bc                ili9341_GetLcdPixelHeight
 *fill*         0x00000000080030ce        0x2 
 .text.SPIx_Init
                0x00000000080030d0       0x74 ./Drivers/BSP/STM32F429I-Discovery/stm32f429i_discovery.o
 .text.SPIx_Read
                0x0000000008003144       0x40 ./Drivers/BSP/STM32F429I-Discovery/stm32f429i_discovery.o
 .text.SPIx_Write
                0x0000000008003184       0x3c ./Drivers/BSP/STM32F429I-Discovery/stm32f429i_discovery.o
 .text.SPIx_Error
                0x00000000080031c0       0x18 ./Drivers/BSP/STM32F429I-Discovery/stm32f429i_discovery.o
 .text.SPIx_MspInit
                0x00000000080031d8       0x74 ./Drivers/BSP/STM32F429I-Discovery/stm32f429i_discovery.o
 .text.LCD_IO_Init
                0x000000000800324c       0xf0 ./Drivers/BSP/STM32F429I-Discovery/stm32f429i_discovery.o
                0x000000000800324c                LCD_IO_Init
 .text.LCD_IO_WriteData
                0x000000000800333c       0x44 ./Drivers/BSP/STM32F429I-Discovery/stm32f429i_discovery.o
                0x000000000800333c                LCD_IO_WriteData
 .text.LCD_IO_WriteReg
                0x0000000008003380       0x44 ./Drivers/BSP/STM32F429I-Discovery/stm32f429i_discovery.o
                0x0000000008003380                LCD_IO_WriteReg
 .text.LCD_IO_ReadData
                0x00000000080033c4       0x64 ./Drivers/BSP/STM32F429I-Discovery/stm32f429i_discovery.o
                0x00000000080033c4                LCD_IO_ReadData
 .text.LCD_Delay
                0x0000000008003428       0x16 ./Drivers/BSP/STM32F429I-Discovery/stm32f429i_discovery.o
                0x0000000008003428                LCD_Delay
 *fill*         0x000000000800343e        0x2 
 .text.BSP_LCD_Init
                0x0000000008003440       0xd4 ./Drivers/BSP/STM32F429I-Discovery/stm32f429i_discovery_lcd.o
                0x0000000008003440                BSP_LCD_Init
 .text.BSP_LCD_GetXSize
                0x0000000008003514       0x18 ./Drivers/BSP/STM32F429I-Discovery/stm32f429i_discovery_lcd.o
                0x0000000008003514                BSP_LCD_GetXSize
 .text.BSP_LCD_GetYSize
                0x000000000800352c       0x18 ./Drivers/BSP/STM32F429I-Discovery/stm32f429i_discovery_lcd.o
                0x000000000800352c                BSP_LCD_GetYSize
 .text.BSP_LCD_LayerDefaultInit
                0x0000000008003544       0xc8 ./Drivers/BSP/STM32F429I-Discovery/stm32f429i_discovery_lcd.o
                0x0000000008003544                BSP_LCD_LayerDefaultInit
 .text.BSP_LCD_SelectLayer
                0x000000000800360c       0x20 ./Drivers/BSP/STM32F429I-Discovery/stm32f429i_discovery_lcd.o
                0x000000000800360c                BSP_LCD_SelectLayer
 .text.BSP_LCD_SetTextColor
                0x000000000800362c       0x30 ./Drivers/BSP/STM32F429I-Discovery/stm32f429i_discovery_lcd.o
                0x000000000800362c                BSP_LCD_SetTextColor
 .text.BSP_LCD_SetBackColor
                0x000000000800365c       0x34 ./Drivers/BSP/STM32F429I-Discovery/stm32f429i_discovery_lcd.o
                0x000000000800365c                BSP_LCD_SetBackColor
 .text.BSP_LCD_SetFont
                0x0000000008003690       0x34 ./Drivers/BSP/STM32F429I-Discovery/stm32f429i_discovery_lcd.o
                0x0000000008003690                BSP_LCD_SetFont
 .text.BSP_LCD_GetFont
                0x00000000080036c4       0x2c ./Drivers/BSP/STM32F429I-Discovery/stm32f429i_discovery_lcd.o
                0x00000000080036c4                BSP_LCD_GetFont
 .text.BSP_LCD_Clear
                0x00000000080036f0       0x50 ./Drivers/BSP/STM32F429I-Discovery/stm32f429i_discovery_lcd.o
                0x00000000080036f0                BSP_LCD_Clear
 .text.BSP_LCD_ClearStringLine
                0x0000000008003740       0xc8 ./Drivers/BSP/STM32F429I-Discovery/stm32f429i_discovery_lcd.o
                0x0000000008003740                BSP_LCD_ClearStringLine
 .text.BSP_LCD_DisplayChar
                0x0000000008003808       0x88 ./Drivers/BSP/STM32F429I-Discovery/stm32f429i_discovery_lcd.o
                0x0000000008003808                BSP_LCD_DisplayChar
 .text.BSP_LCD_DisplayStringAt
                0x0000000008003890      0x17c ./Drivers/BSP/STM32F429I-Discovery/stm32f429i_discovery_lcd.o
                0x0000000008003890                BSP_LCD_DisplayStringAt
 .text.BSP_LCD_DrawHLine
                0x0000000008003a0c       0x7c ./Drivers/BSP/STM32F429I-Discovery/stm32f429i_discovery_lcd.o
                0x0000000008003a0c                BSP_LCD_DrawHLine
 .text.BSP_LCD_DrawLine
                0x0000000008003a88      0x194 ./Drivers/BSP/STM32F429I-Discovery/stm32f429i_discovery_lcd.o
                0x0000000008003a88                BSP_LCD_DrawLine
 .text.BSP_LCD_DrawCircle
                0x0000000008003c1c      0x1d4 ./Drivers/BSP/STM32F429I-Discovery/stm32f429i_discovery_lcd.o
                0x0000000008003c1c                BSP_LCD_DrawCircle
 .text.BSP_LCD_FillRect
                0x0000000008003df0       0xb4 ./Drivers/BSP/STM32F429I-Discovery/stm32f429i_discovery_lcd.o
                0x0000000008003df0                BSP_LCD_FillRect
 .text.BSP_LCD_FillCircle
                0x0000000008003ea4      0x140 ./Drivers/BSP/STM32F429I-Discovery/stm32f429i_discovery_lcd.o
                0x0000000008003ea4                BSP_LCD_FillCircle
 .text.BSP_LCD_DisplayOn
                0x0000000008003fe4       0x20 ./Drivers/BSP/STM32F429I-Discovery/stm32f429i_discovery_lcd.o
                0x0000000008003fe4                BSP_LCD_DisplayOn
 .text.BSP_LCD_MspInit
                0x0000000008004004      0x1ac ./Drivers/BSP/STM32F429I-Discovery/stm32f429i_discovery_lcd.o
                0x0000000008004004                BSP_LCD_MspInit
 .text.BSP_LCD_DrawPixel
                0x00000000080041b0       0x4c ./Drivers/BSP/STM32F429I-Discovery/stm32f429i_discovery_lcd.o
                0x00000000080041b0                BSP_LCD_DrawPixel
 .text.DrawChar
                0x00000000080041fc      0x174 ./Drivers/BSP/STM32F429I-Discovery/stm32f429i_discovery_lcd.o
 .text.FillBuffer
                0x0000000008004370       0x70 ./Drivers/BSP/STM32F429I-Discovery/stm32f429i_discovery_lcd.o
 .text.BSP_SDRAM_Init
                0x00000000080043e0       0xbc ./Drivers/BSP/STM32F429I-Discovery/stm32f429i_discovery_sdram.o
                0x00000000080043e0                BSP_SDRAM_Init
 .text.BSP_SDRAM_Initialization_sequence
                0x000000000800449c       0xc0 ./Drivers/BSP/STM32F429I-Discovery/stm32f429i_discovery_sdram.o
                0x000000000800449c                BSP_SDRAM_Initialization_sequence
 .text.BSP_SDRAM_MspInit
                0x000000000800455c      0x218 ./Drivers/BSP/STM32F429I-Discovery/stm32f429i_discovery_sdram.o
                0x000000000800455c                BSP_SDRAM_MspInit
 .text.HAL_Init
                0x0000000008004774       0x44 ./Drivers/STM32F4xx_HAL_Driver/Src/stm32f4xx_hal.o
                0x0000000008004774                HAL_Init
 .text.HAL_IncTick
                0x00000000080047b8       0x28 ./Drivers/STM32F4xx_HAL_Driver/Src/stm32f4xx_hal.o
                0x00000000080047b8                HAL_IncTick
 .text.HAL_GetTick
                0x00000000080047e0       0x18 ./Drivers/STM32F4xx_HAL_Driver/Src/stm32f4xx_hal.o
                0x00000000080047e0                HAL_GetTick
 .text.HAL_Delay
                0x00000000080047f8       0x48 ./Drivers/STM32F4xx_HAL_Driver/Src/stm32f4xx_hal.o
                0x00000000080047f8                HAL_Delay
 .text.__NVIC_SetPriorityGrouping
                0x0000000008004840       0x48 ./Drivers/STM32F4xx_HAL_Driver/Src/stm32f4xx_hal_cortex.o
 .text.__NVIC_GetPriorityGrouping
                0x0000000008004888       0x1c ./Drivers/STM32F4xx_HAL_Driver/Src/stm32f4xx_hal_cortex.o
 .text.__NVIC_EnableIRQ
                0x00000000080048a4       0x3c ./Drivers/STM32F4xx_HAL_Driver/Src/stm32f4xx_hal_cortex.o
 .text.__NVIC_SetPriority
                0x00000000080048e0       0x54 ./Drivers/STM32F4xx_HAL_Driver/Src/stm32f4xx_hal_cortex.o
 .text.NVIC_EncodePriority
                0x0000000008004934       0x66 ./Drivers/STM32F4xx_HAL_Driver/Src/stm32f4xx_hal_cortex.o
 .text.HAL_NVIC_SetPriorityGrouping
                0x000000000800499a       0x16 ./Drivers/STM32F4xx_HAL_Driver/Src/stm32f4xx_hal_cortex.o
                0x000000000800499a                HAL_NVIC_SetPriorityGrouping
 .text.HAL_NVIC_SetPriority
                0x00000000080049b0       0x38 ./Drivers/STM32F4xx_HAL_Driver/Src/stm32f4xx_hal_cortex.o
                0x00000000080049b0                HAL_NVIC_SetPriority
 .text.HAL_NVIC_EnableIRQ
                0x00000000080049e8       0x1c ./Drivers/STM32F4xx_HAL_Driver/Src/stm32f4xx_hal_cortex.o
                0x00000000080049e8                HAL_NVIC_EnableIRQ
 .text.HAL_DMA2D_Init
                0x0000000008004a04       0x92 ./Drivers/STM32F4xx_HAL_Driver/Src/stm32f4xx_hal_dma2d.o
                0x0000000008004a04                HAL_DMA2D_Init
 .text.HAL_DMA2D_MspInit
                0x0000000008004a96       0x14 ./Drivers/STM32F4xx_HAL_Driver/Src/stm32f4xx_hal_dma2d.o
                0x0000000008004a96                HAL_DMA2D_MspInit
 .text.HAL_DMA2D_Start
                0x0000000008004aaa       0x56 ./Drivers/STM32F4xx_HAL_Driver/Src/stm32f4xx_hal_dma2d.o
                0x0000000008004aaa                HAL_DMA2D_Start
 .text.HAL_DMA2D_PollForTransfer
                0x0000000008004b00      0x1d2 ./Drivers/STM32F4xx_HAL_Driver/Src/stm32f4xx_hal_dma2d.o
                0x0000000008004b00                HAL_DMA2D_PollForTransfer
 *fill*         0x0000000008004cd2        0x2 
 .text.HAL_DMA2D_ConfigLayer
                0x0000000008004cd4      0x124 ./Drivers/STM32F4xx_HAL_Driver/Src/stm32f4xx_hal_dma2d.o
                0x0000000008004cd4                HAL_DMA2D_ConfigLayer
 .text.DMA2D_SetConfig
                0x0000000008004df8      0x138 ./Drivers/STM32F4xx_HAL_Driver/Src/stm32f4xx_hal_dma2d.o
 .text.HAL_FLASH_Program
                0x0000000008004f30       0xa8 ./Drivers/STM32F4xx_HAL_Driver/Src/stm32f4xx_hal_flash.o
                0x0000000008004f30                HAL_FLASH_Program
 .text.HAL_FLASH_Unlock
                0x0000000008004fd8       0x44 ./Drivers/STM32F4xx_HAL_Driver/Src/stm32f4xx_hal_flash.o
                0x0000000008004fd8                HAL_FLASH_Unlock
 .text.HAL_FLASH_Lock
                0x000000000800501c       0x20 ./Drivers/STM32F4xx_HAL_Driver/Src/stm32f4xx_hal_flash.o
                0x000000000800501c                HAL_FLASH_Lock
 .text.FLASH_WaitForLastOperation
                0x000000000800503c       0x80 ./Drivers/STM32F4xx_HAL_Driver/Src/stm32f4xx_hal_flash.o
                0x000000000800503c                FLASH_WaitForLastOperation
 .text.FLASH_Program_DoubleWord
                0x00000000080050bc       0x64 ./Drivers/STM32F4xx_HAL_Driver/Src/stm32f4xx_hal_flash.o
 .text.FLASH_Program_Word
                0x0000000008005120       0x44 ./Drivers/STM32F4xx_HAL_Driver/Src/stm32f4xx_hal_flash.o
 .text.FLASH_Program_HalfWord
                0x0000000008005164       0x48 ./Drivers/STM32F4xx_HAL_Driver/Src/stm32f4xx_hal_flash.o
 .text.FLASH_Program_Byte
                0x00000000080051ac       0x44 ./Drivers/STM32F4xx_HAL_Driver/Src/stm32f4xx_hal_flash.o
 .text.FLASH_SetErrorCode
                0x00000000080051f0       0xcc ./Drivers/STM32F4xx_HAL_Driver/Src/stm32f4xx_hal_flash.o
 .text.HAL_GPIO_Init
                0x00000000080052bc      0x358 ./Drivers/STM32F4xx_HAL_Driver/Src/stm32f4xx_hal_gpio.o
                0x00000000080052bc                HAL_GPIO_Init
 .text.HAL_GPIO_ReadPin
                0x0000000008005614       0x30 ./Drivers/STM32F4xx_HAL_Driver/Src/stm32f4xx_hal_gpio.o
                0x0000000008005614                HAL_GPIO_ReadPin
 .text.HAL_GPIO_WritePin
                0x0000000008005644       0x32 ./Drivers/STM32F4xx_HAL_Driver/Src/stm32f4xx_hal_gpio.o
                0x0000000008005644                HAL_GPIO_WritePin
 *fill*         0x0000000008005676        0x2 
 .text.HAL_GPIO_EXTI_IRQHandler
                0x0000000008005678       0x30 ./Drivers/STM32F4xx_HAL_Driver/Src/stm32f4xx_hal_gpio.o
                0x0000000008005678                HAL_GPIO_EXTI_IRQHandler
 .text.HAL_LTDC_Init
                0x00000000080056a8      0x1a0 ./Drivers/STM32F4xx_HAL_Driver/Src/stm32f4xx_hal_ltdc.o
                0x00000000080056a8                HAL_LTDC_Init
 .text.HAL_LTDC_MspInit
                0x0000000008005848       0x14 ./Drivers/STM32F4xx_HAL_Driver/Src/stm32f4xx_hal_ltdc.o
                0x0000000008005848                HAL_LTDC_MspInit
 .text.HAL_LTDC_ConfigLayer
                0x000000000800585c       0x7c ./Drivers/STM32F4xx_HAL_Driver/Src/stm32f4xx_hal_ltdc.o
                0x000000000800585c                HAL_LTDC_ConfigLayer
 .text.HAL_LTDC_EnableDither
                0x00000000080058d8       0x54 ./Drivers/STM32F4xx_HAL_Driver/Src/stm32f4xx_hal_ltdc.o
                0x00000000080058d8                HAL_LTDC_EnableDither
 .text.LTDC_SetConfig
                0x000000000800592c      0x32e ./Drivers/STM32F4xx_HAL_Driver/Src/stm32f4xx_hal_ltdc.o
 *fill*         0x0000000008005c5a        0x2 
 .text.HAL_PWREx_EnableOverDrive
                0x0000000008005c5c       0xa0 ./Drivers/STM32F4xx_HAL_Driver/Src/stm32f4xx_hal_pwr_ex.o
                0x0000000008005c5c                HAL_PWREx_EnableOverDrive
 .text.HAL_RCC_OscConfig
                0x0000000008005cfc      0x4f0 ./Drivers/STM32F4xx_HAL_Driver/Src/stm32f4xx_hal_rcc.o
                0x0000000008005cfc                HAL_RCC_OscConfig
 .text.HAL_RCC_ClockConfig
                0x00000000080061ec      0x1cc ./Drivers/STM32F4xx_HAL_Driver/Src/stm32f4xx_hal_rcc.o
                0x00000000080061ec                HAL_RCC_ClockConfig
 .text.HAL_RCC_GetSysClockFreq
                0x00000000080063b8      0x1c4 ./Drivers/STM32F4xx_HAL_Driver/Src/stm32f4xx_hal_rcc.o
                0x00000000080063b8                HAL_RCC_GetSysClockFreq
 .text.HAL_RCC_GetHCLKFreq
                0x000000000800657c       0x18 ./Drivers/STM32F4xx_HAL_Driver/Src/stm32f4xx_hal_rcc.o
                0x000000000800657c                HAL_RCC_GetHCLKFreq
 .text.HAL_RCC_GetPCLK1Freq
                0x0000000008006594       0x28 ./Drivers/STM32F4xx_HAL_Driver/Src/stm32f4xx_hal_rcc.o
                0x0000000008006594                HAL_RCC_GetPCLK1Freq
 .text.HAL_RCC_GetPCLK2Freq
                0x00000000080065bc       0x28 ./Drivers/STM32F4xx_HAL_Driver/Src/stm32f4xx_hal_rcc.o
                0x00000000080065bc                HAL_RCC_GetPCLK2Freq
 .text.HAL_RCC_GetClockConfig
                0x00000000080065e4       0x64 ./Drivers/STM32F4xx_HAL_Driver/Src/stm32f4xx_hal_rcc.o
                0x00000000080065e4                HAL_RCC_GetClockConfig
 .text.HAL_RCCEx_PeriphCLKConfig
                0x0000000008006648      0x37c ./Drivers/STM32F4xx_HAL_Driver/Src/stm32f4xx_hal_rcc_ex.o
                0x0000000008006648                HAL_RCCEx_PeriphCLKConfig
 .text.HAL_SDRAM_Init
                0x00000000080069c4       0x68 ./Drivers/STM32F4xx_HAL_Driver/Src/stm32f4xx_hal_sdram.o
                0x00000000080069c4                HAL_SDRAM_Init
 .text.HAL_SDRAM_MspInit
                0x0000000008006a2c       0x14 ./Drivers/STM32F4xx_HAL_Driver/Src/stm32f4xx_hal_sdram.o
                0x0000000008006a2c                HAL_SDRAM_MspInit
 .text.HAL_SDRAM_SendCommand
                0x0000000008006a40       0x56 ./Drivers/STM32F4xx_HAL_Driver/Src/stm32f4xx_hal_sdram.o
                0x0000000008006a40                HAL_SDRAM_SendCommand
 .text.HAL_SDRAM_ProgramRefreshRate
                0x0000000008006a96       0x40 ./Drivers/STM32F4xx_HAL_Driver/Src/stm32f4xx_hal_sdram.o
                0x0000000008006a96                HAL_SDRAM_ProgramRefreshRate
 .text.HAL_SPI_Init
                0x0000000008006ad6      0x112 ./Drivers/STM32F4xx_HAL_Driver/Src/stm32f4xx_hal_spi.o
                0x0000000008006ad6                HAL_SPI_Init
 .text.HAL_SPI_DeInit
                0x0000000008006be8       0x50 ./Drivers/STM32F4xx_HAL_Driver/Src/stm32f4xx_hal_spi.o
                0x0000000008006be8                HAL_SPI_DeInit
 .text.HAL_SPI_MspInit
                0x0000000008006c38       0x14 ./Drivers/STM32F4xx_HAL_Driver/Src/stm32f4xx_hal_spi.o
                0x0000000008006c38                HAL_SPI_MspInit
 .text.HAL_SPI_MspDeInit
                0x0000000008006c4c       0x14 ./Drivers/STM32F4xx_HAL_Driver/Src/stm32f4xx_hal_spi.o
                0x0000000008006c4c                HAL_SPI_MspDeInit
 .text.HAL_SPI_Transmit
                0x0000000008006c60      0x278 ./Drivers/STM32F4xx_HAL_Driver/Src/stm32f4xx_hal_spi.o
                0x0000000008006c60                HAL_SPI_Transmit
 .text.HAL_SPI_Receive
                0x0000000008006ed8      0x222 ./Drivers/STM32F4xx_HAL_Driver/Src/stm32f4xx_hal_spi.o
                0x0000000008006ed8                HAL_SPI_Receive
 .text.HAL_SPI_TransmitReceive
                0x00000000080070fa      0x344 ./Drivers/STM32F4xx_HAL_Driver/Src/stm32f4xx_hal_spi.o
                0x00000000080070fa                HAL_SPI_TransmitReceive
 .text.HAL_SPI_GetState
                0x000000000800743e       0x1c ./Drivers/STM32F4xx_HAL_Driver/Src/stm32f4xx_hal_spi.o
                0x000000000800743e                HAL_SPI_GetState
 *fill*         0x000000000800745a        0x2 
 .text.SPI_WaitFlagStateUntilTimeout
                0x000000000800745c      0x110 ./Drivers/STM32F4xx_HAL_Driver/Src/stm32f4xx_hal_spi.o
 .text.SPI_EndRxTransaction
                0x000000000800756c       0xca ./Drivers/STM32F4xx_HAL_Driver/Src/stm32f4xx_hal_spi.o
 *fill*         0x0000000008007636        0x2 
 .text.SPI_EndRxTxTransaction
                0x0000000008007638       0x84 ./Drivers/STM32F4xx_HAL_Driver/Src/stm32f4xx_hal_spi.o
 .text.HAL_TIM_Base_Init
                0x00000000080076bc       0x9e ./Drivers/STM32F4xx_HAL_Driver/Src/stm32f4xx_hal_tim.o
                0x00000000080076bc                HAL_TIM_Base_Init
 *fill*         0x000000000800775a        0x2 
 .text.HAL_TIM_Base_Start_IT
                0x000000000800775c       0xe0 ./Drivers/STM32F4xx_HAL_Driver/Src/stm32f4xx_hal_tim.o
                0x000000000800775c                HAL_TIM_Base_Start_IT
 .text.HAL_TIM_Base_Stop_IT
                0x000000000800783c       0x5e ./Drivers/STM32F4xx_HAL_Driver/Src/stm32f4xx_hal_tim.o
                0x000000000800783c                HAL_TIM_Base_Stop_IT
 .text.HAL_TIM_IRQHandler
                0x000000000800789a      0x210 ./Drivers/STM32F4xx_HAL_Driver/Src/stm32f4xx_hal_tim.o
                0x000000000800789a                HAL_TIM_IRQHandler
 .text.HAL_TIM_ConfigClockSource
                0x0000000008007aaa      0x18e ./Drivers/STM32F4xx_HAL_Driver/Src/stm32f4xx_hal_tim.o
                0x0000000008007aaa                HAL_TIM_ConfigClockSource
 .text.HAL_TIM_OC_DelayElapsedCallback
                0x0000000008007c38       0x14 ./Drivers/STM32F4xx_HAL_Driver/Src/stm32f4xx_hal_tim.o
                0x0000000008007c38                HAL_TIM_OC_DelayElapsedCallback
 .text.HAL_TIM_IC_CaptureCallback
                0x0000000008007c4c       0x14 ./Drivers/STM32F4xx_HAL_Driver/Src/stm32f4xx_hal_tim.o
                0x0000000008007c4c                HAL_TIM_IC_CaptureCallback
 .text.HAL_TIM_PWM_PulseFinishedCallback
                0x0000000008007c60       0x14 ./Drivers/STM32F4xx_HAL_Driver/Src/stm32f4xx_hal_tim.o
                0x0000000008007c60                HAL_TIM_PWM_PulseFinishedCallback
 .text.HAL_TIM_TriggerCallback
                0x0000000008007c74       0x14 ./Drivers/STM32F4xx_HAL_Driver/Src/stm32f4xx_hal_tim.o
                0x0000000008007c74                HAL_TIM_TriggerCallback
 .text.TIM_Base_SetConfig
                0x0000000008007c88      0x140 ./Drivers/STM32F4xx_HAL_Driver/Src/stm32f4xx_hal_tim.o
                0x0000000008007c88                TIM_Base_SetConfig
 .text.TIM_TI1_ConfigInputStage
                0x0000000008007dc8       0x5e ./Drivers/STM32F4xx_HAL_Driver/Src/stm32f4xx_hal_tim.o
 .text.TIM_TI2_ConfigInputStage
                0x0000000008007e26       0x60 ./Drivers/STM32F4xx_HAL_Driver/Src/stm32f4xx_hal_tim.o
 .text.TIM_ITRx_SetConfig
                0x0000000008007e86       0x36 ./Drivers/STM32F4xx_HAL_Driver/Src/stm32f4xx_hal_tim.o
 .text.TIM_ETR_SetConfig
                0x0000000008007ebc       0x40 ./Drivers/STM32F4xx_HAL_Driver/Src/stm32f4xx_hal_tim.o
                0x0000000008007ebc                TIM_ETR_SetConfig
 .text.HAL_TIMEx_MasterConfigSynchronization
                0x0000000008007efc       0xf8 ./Drivers/STM32F4xx_HAL_Driver/Src/stm32f4xx_hal_tim_ex.o
                0x0000000008007efc                HAL_TIMEx_MasterConfigSynchronization
 .text.HAL_TIMEx_CommutCallback
                0x0000000008007ff4       0x14 ./Drivers/STM32F4xx_HAL_Driver/Src/stm32f4xx_hal_tim_ex.o
                0x0000000008007ff4                HAL_TIMEx_CommutCallback
 .text.HAL_TIMEx_BreakCallback
                0x0000000008008008       0x14 ./Drivers/STM32F4xx_HAL_Driver/Src/stm32f4xx_hal_tim_ex.o
                0x0000000008008008                HAL_TIMEx_BreakCallback
 .text.HAL_UART_Init
                0x000000000800801c       0x9a ./Drivers/STM32F4xx_HAL_Driver/Src/stm32f4xx_hal_uart.o
                0x000000000800801c                HAL_UART_Init
 .text.HAL_UART_Transmit
                0x00000000080080b6      0x124 ./Drivers/STM32F4xx_HAL_Driver/Src/stm32f4xx_hal_uart.o
                0x00000000080080b6                HAL_UART_Transmit
 .text.UART_WaitOnFlagUntilTimeout
                0x00000000080081da       0xdc ./Drivers/STM32F4xx_HAL_Driver/Src/stm32f4xx_hal_uart.o
 *fill*         0x00000000080082b6        0x2 
 .text.UART_SetConfig
                0x00000000080082b8      0x390 ./Drivers/STM32F4xx_HAL_Driver/Src/stm32f4xx_hal_uart.o
 .text.FMC_SDRAM_Init
                0x0000000008008648       0xe6 ./Drivers/STM32F4xx_HAL_Driver/Src/stm32f4xx_ll_fmc.o
                0x0000000008008648                FMC_SDRAM_Init
 .text.FMC_SDRAM_Timing_Init
                0x000000000800872e       0xfe ./Drivers/STM32F4xx_HAL_Driver/Src/stm32f4xx_ll_fmc.o
                0x000000000800872e                FMC_SDRAM_Timing_Init
 .text.FMC_SDRAM_SendCommand
                0x000000000800882c       0x78 ./Drivers/STM32F4xx_HAL_Driver/Src/stm32f4xx_ll_fmc.o
                0x000000000800882c                FMC_SDRAM_SendCommand
 .text.FMC_SDRAM_ProgramRefreshRate
                0x00000000080088a4       0x26 ./Drivers/STM32F4xx_HAL_Driver/Src/stm32f4xx_ll_fmc.o
                0x00000000080088a4                FMC_SDRAM_ProgramRefreshRate
 *fill*         0x00000000080088ca        0x2 
 .text.__NVIC_SetPriority
                0x00000000080088cc       0x54 ./Middlewares/Third_Party/FreeRTOS/Source/CMSIS_RTOS_V2/cmsis_os2.o
 .text.SysTick_Handler
                0x0000000008008920       0x20 ./Middlewares/Third_Party/FreeRTOS/Source/CMSIS_RTOS_V2/cmsis_os2.o
                0x0000000008008920                SysTick_Handler
 .text.SVC_Setup
                0x0000000008008940       0x12 ./Middlewares/Third_Party/FreeRTOS/Source/CMSIS_RTOS_V2/cmsis_os2.o
 *fill*         0x0000000008008952        0x2 
 .text.osKernelInitialize
                0x0000000008008954       0x48 ./Middlewares/Third_Party/FreeRTOS/Source/CMSIS_RTOS_V2/cmsis_os2.o
                0x0000000008008954                osKernelInitialize
 .text.osKernelStart
                0x000000000800899c       0x4c ./Middlewares/Third_Party/FreeRTOS/Source/CMSIS_RTOS_V2/cmsis_os2.o
                0x000000000800899c                osKernelStart
 .text.osThreadNew
                0x00000000080089e8      0x124 ./Middlewares/Third_Party/FreeRTOS/Source/CMSIS_RTOS_V2/cmsis_os2.o
                0x00000000080089e8                osThreadNew
 .text.osDelay  0x0000000008008b0c       0x36 ./Middlewares/Third_Party/FreeRTOS/Source/CMSIS_RTOS_V2/cmsis_os2.o
                0x0000000008008b0c                osDelay
 .text.osSemaphoreNew
                0x0000000008008b42      0x112 ./Middlewares/Third_Party/FreeRTOS/Source/CMSIS_RTOS_V2/cmsis_os2.o
                0x0000000008008b42                osSemaphoreNew
 .text.vApplicationGetIdleTaskMemory
                0x0000000008008c54       0x34 ./Middlewares/Third_Party/FreeRTOS/Source/CMSIS_RTOS_V2/cmsis_os2.o
                0x0000000008008c54                vApplicationGetIdleTaskMemory
 .text.vApplicationGetTimerTaskMemory
                0x0000000008008c88       0x34 ./Middlewares/Third_Party/FreeRTOS/Source/CMSIS_RTOS_V2/cmsis_os2.o
                0x0000000008008c88                vApplicationGetTimerTaskMemory
 .text.vListInitialise
                0x0000000008008cbc       0x40 ./Middlewares/Third_Party/FreeRTOS/Source/list.o
                0x0000000008008cbc                vListInitialise
 .text.vListInitialiseItem
                0x0000000008008cfc       0x1a ./Middlewares/Third_Party/FreeRTOS/Source/list.o
                0x0000000008008cfc                vListInitialiseItem
 .text.vListInsertEnd
                0x0000000008008d16       0x48 ./Middlewares/Third_Party/FreeRTOS/Source/list.o
                0x0000000008008d16                vListInsertEnd
 .text.vListInsert
                0x0000000008008d5e       0x72 ./Middlewares/Third_Party/FreeRTOS/Source/list.o
                0x0000000008008d5e                vListInsert
 .text.uxListRemove
                0x0000000008008dd0       0x54 ./Middlewares/Third_Party/FreeRTOS/Source/list.o
                0x0000000008008dd0                uxListRemove
 .text.xQueueGenericReset
                0x0000000008008e24       0xd0 ./Middlewares/Third_Party/FreeRTOS/Source/queue.o
                0x0000000008008e24                xQueueGenericReset
 .text.xQueueGenericCreateStatic
                0x0000000008008ef4       0xf0 ./Middlewares/Third_Party/FreeRTOS/Source/queue.o
                0x0000000008008ef4                xQueueGenericCreateStatic
 .text.xQueueGenericCreate
                0x0000000008008fe4       0x74 ./Middlewares/Third_Party/FreeRTOS/Source/queue.o
                0x0000000008008fe4                xQueueGenericCreate
 .text.prvInitialiseNewQueue
                0x0000000008009058       0x46 ./Middlewares/Third_Party/FreeRTOS/Source/queue.o
 .text.xQueueCreateCountingSemaphoreStatic
                0x000000000800909e       0x6e ./Middlewares/Third_Party/FreeRTOS/Source/queue.o
                0x000000000800909e                xQueueCreateCountingSemaphoreStatic
 .text.xQueueCreateCountingSemaphore
                0x000000000800910c       0x66 ./Middlewares/Third_Party/FreeRTOS/Source/queue.o
                0x000000000800910c                xQueueCreateCountingSemaphore
 *fill*         0x0000000008009172        0x2 
 .text.xQueueGenericSend
                0x0000000008009174      0x1fc ./Middlewares/Third_Party/FreeRTOS/Source/queue.o
                0x0000000008009174                xQueueGenericSend
 .text.xQueueGenericSendFromISR
                0x0000000008009370      0x136 ./Middlewares/Third_Party/FreeRTOS/Source/queue.o
                0x0000000008009370                xQueueGenericSendFromISR
 *fill*         0x00000000080094a6        0x2 
 .text.xQueueReceive
                0x00000000080094a8      0x1c0 ./Middlewares/Third_Party/FreeRTOS/Source/queue.o
                0x00000000080094a8                xQueueReceive
 .text.vQueueDelete
                0x0000000008009668       0x46 ./Middlewares/Third_Party/FreeRTOS/Source/queue.o
                0x0000000008009668                vQueueDelete
 .text.prvCopyDataToQueue
                0x00000000080096ae       0xd4 ./Middlewares/Third_Party/FreeRTOS/Source/queue.o
 .text.prvCopyDataFromQueue
                0x0000000008009782       0x4c ./Middlewares/Third_Party/FreeRTOS/Source/queue.o
 .text.prvUnlockQueue
                0x00000000080097ce       0xa4 ./Middlewares/Third_Party/FreeRTOS/Source/queue.o
 .text.prvIsQueueEmpty
                0x0000000008009872       0x2c ./Middlewares/Third_Party/FreeRTOS/Source/queue.o
 .text.prvIsQueueFull
                0x000000000800989e       0x30 ./Middlewares/Third_Party/FreeRTOS/Source/queue.o
 *fill*         0x00000000080098ce        0x2 
 .text.vQueueAddToRegistry
                0x00000000080098d0       0x54 ./Middlewares/Third_Party/FreeRTOS/Source/queue.o
                0x00000000080098d0                vQueueAddToRegistry
 .text.vQueueUnregisterQueue
                0x0000000008009924       0x54 ./Middlewares/Third_Party/FreeRTOS/Source/queue.o
                0x0000000008009924                vQueueUnregisterQueue
 .text.vQueueWaitForMessageRestricted
                0x0000000008009978       0x68 ./Middlewares/Third_Party/FreeRTOS/Source/queue.o
                0x0000000008009978                vQueueWaitForMessageRestricted
 .text.xTaskCreateStatic
                0x00000000080099e0       0xba ./Middlewares/Third_Party/FreeRTOS/Source/tasks.o
                0x00000000080099e0                xTaskCreateStatic
 .text.xTaskCreate
                0x0000000008009a9a       0x8a ./Middlewares/Third_Party/FreeRTOS/Source/tasks.o
                0x0000000008009a9a                xTaskCreate
 .text.prvInitialiseNewTask
                0x0000000008009b24      0x14c ./Middlewares/Third_Party/FreeRTOS/Source/tasks.o
 .text.prvAddNewTaskToReadyList
                0x0000000008009c70       0xe0 ./Middlewares/Third_Party/FreeRTOS/Source/tasks.o
 .text.vTaskDelay
                0x0000000008009d50       0x68 ./Middlewares/Third_Party/FreeRTOS/Source/tasks.o
                0x0000000008009d50                vTaskDelay
 .text.vTaskStartScheduler
                0x0000000008009db8       0xe0 ./Middlewares/Third_Party/FreeRTOS/Source/tasks.o
                0x0000000008009db8                vTaskStartScheduler
 .text.vTaskSuspendAll
                0x0000000008009e98       0x1c ./Middlewares/Third_Party/FreeRTOS/Source/tasks.o
                0x0000000008009e98                vTaskSuspendAll
 .text.xTaskResumeAll
                0x0000000008009eb4      0x13c ./Middlewares/Third_Party/FreeRTOS/Source/tasks.o
                0x0000000008009eb4                xTaskResumeAll
 .text.xTaskGetTickCount
                0x0000000008009ff0       0x20 ./Middlewares/Third_Party/FreeRTOS/Source/tasks.o
                0x0000000008009ff0                xTaskGetTickCount
 .text.xTaskIncrementTick
                0x000000000800a010      0x174 ./Middlewares/Third_Party/FreeRTOS/Source/tasks.o
                0x000000000800a010                xTaskIncrementTick
 .text.vTaskSwitchContext
                0x000000000800a184       0xc8 ./Middlewares/Third_Party/FreeRTOS/Source/tasks.o
                0x000000000800a184                vTaskSwitchContext
 .text.vTaskPlaceOnEventList
                0x000000000800a24c       0x48 ./Middlewares/Third_Party/FreeRTOS/Source/tasks.o
                0x000000000800a24c                vTaskPlaceOnEventList
 .text.vTaskPlaceOnEventListRestricted
                0x000000000800a294       0x58 ./Middlewares/Third_Party/FreeRTOS/Source/tasks.o
                0x000000000800a294                vTaskPlaceOnEventListRestricted
 .text.xTaskRemoveFromEventList
                0x000000000800a2ec       0xc8 ./Middlewares/Third_Party/FreeRTOS/Source/tasks.o
                0x000000000800a2ec                xTaskRemoveFromEventList
 .text.vTaskInternalSetTimeOutState
                0x000000000800a3b4       0x2c ./Middlewares/Third_Party/FreeRTOS/Source/tasks.o
                0x000000000800a3b4                vTaskInternalSetTimeOutState
 .text.xTaskCheckForTimeOut
                0x000000000800a3e0       0xc4 ./Middlewares/Third_Party/FreeRTOS/Source/tasks.o
                0x000000000800a3e0                xTaskCheckForTimeOut
 .text.vTaskMissedYield
                0x000000000800a4a4       0x18 ./Middlewares/Third_Party/FreeRTOS/Source/tasks.o
                0x000000000800a4a4                vTaskMissedYield
 .text.prvIdleTask
                0x000000000800a4bc       0x30 ./Middlewares/Third_Party/FreeRTOS/Source/tasks.o
 .text.prvInitialiseTaskLists
                0x000000000800a4ec       0x80 ./Middlewares/Third_Party/FreeRTOS/Source/tasks.o
 .text.prvCheckTasksWaitingTermination
                0x000000000800a56c       0x5c ./Middlewares/Third_Party/FreeRTOS/Source/tasks.o
 .text.prvDeleteTCB
                0x000000000800a5c8       0x68 ./Middlewares/Third_Party/FreeRTOS/Source/tasks.o
 .text.prvResetNextTaskUnblockTime
                0x000000000800a630       0x40 ./Middlewares/Third_Party/FreeRTOS/Source/tasks.o
 .text.xTaskGetSchedulerState
                0x000000000800a670       0x3c ./Middlewares/Third_Party/FreeRTOS/Source/tasks.o
                0x000000000800a670                xTaskGetSchedulerState
 .text.xTaskPriorityDisinherit
                0x000000000800a6ac       0xdc ./Middlewares/Third_Party/FreeRTOS/Source/tasks.o
                0x000000000800a6ac                xTaskPriorityDisinherit
 .text.prvAddCurrentTaskToDelayedList
                0x000000000800a788       0xa8 ./Middlewares/Third_Party/FreeRTOS/Source/tasks.o
 .text.xTimerCreateTimerTask
                0x000000000800a830       0x90 ./Middlewares/Third_Party/FreeRTOS/Source/timers.o
                0x000000000800a830                xTimerCreateTimerTask
 .text.xTimerGenericCommand
                0x000000000800a8c0       0x9c ./Middlewares/Third_Party/FreeRTOS/Source/timers.o
                0x000000000800a8c0                xTimerGenericCommand
 .text.prvProcessExpiredTimer
                0x000000000800a95c       0x98 ./Middlewares/Third_Party/FreeRTOS/Source/timers.o
 .text.prvTimerTask
                0x000000000800a9f4       0x24 ./Middlewares/Third_Party/FreeRTOS/Source/timers.o
 .text.prvProcessTimerOrBlockTask
                0x000000000800aa18       0x9c ./Middlewares/Third_Party/FreeRTOS/Source/timers.o
 .text.prvGetNextExpireTime
                0x000000000800aab4       0x48 ./Middlewares/Third_Party/FreeRTOS/Source/timers.o
 .text.prvSampleTimeNow
                0x000000000800aafc       0x40 ./Middlewares/Third_Party/FreeRTOS/Source/timers.o
 .text.prvInsertTimerInActiveList
                0x000000000800ab3c       0x84 ./Middlewares/Third_Party/FreeRTOS/Source/timers.o
 .text.prvProcessReceivedCommands
                0x000000000800abc0      0x1c4 ./Middlewares/Third_Party/FreeRTOS/Source/timers.o
 .text.prvSwitchTimerLists
                0x000000000800ad84       0xc8 ./Middlewares/Third_Party/FreeRTOS/Source/timers.o
 .text.prvCheckForValidListAndQueue
                0x000000000800ae4c       0x80 ./Middlewares/Third_Party/FreeRTOS/Source/timers.o
 .text.pxPortInitialiseStack
                0x000000000800aecc       0x68 ./Middlewares/Third_Party/FreeRTOS/Source/portable/GCC/ARM_CM4F/port.o
                0x000000000800aecc                pxPortInitialiseStack
 .text.prvTaskExitError
                0x000000000800af34       0x58 ./Middlewares/Third_Party/FreeRTOS/Source/portable/GCC/ARM_CM4F/port.o
 *fill*         0x000000000800af8c        0x4 
 .text.SVC_Handler
                0x000000000800af90       0x28 ./Middlewares/Third_Party/FreeRTOS/Source/portable/GCC/ARM_CM4F/port.o
                0x000000000800af90                SVC_Handler
 .text.prvPortStartFirstTask
                0x000000000800afb8       0x28 ./Middlewares/Third_Party/FreeRTOS/Source/portable/GCC/ARM_CM4F/port.o
 .text.xPortStartScheduler
                0x000000000800afe0      0x144 ./Middlewares/Third_Party/FreeRTOS/Source/portable/GCC/ARM_CM4F/port.o
                0x000000000800afe0                xPortStartScheduler
 .text.vPortEnterCritical
                0x000000000800b124       0x60 ./Middlewares/Third_Party/FreeRTOS/Source/portable/GCC/ARM_CM4F/port.o
                0x000000000800b124                vPortEnterCritical
 .text.vPortExitCritical
                0x000000000800b184       0x54 ./Middlewares/Third_Party/FreeRTOS/Source/portable/GCC/ARM_CM4F/port.o
                0x000000000800b184                vPortExitCritical
 *fill*         0x000000000800b1d8        0x8 
 .text.PendSV_Handler
                0x000000000800b1e0       0x68 ./Middlewares/Third_Party/FreeRTOS/Source/portable/GCC/ARM_CM4F/port.o
                0x000000000800b1e0                PendSV_Handler
 .text.xPortSysTickHandler
                0x000000000800b248       0x44 ./Middlewares/Third_Party/FreeRTOS/Source/portable/GCC/ARM_CM4F/port.o
                0x000000000800b248                xPortSysTickHandler
 .text.vPortSetupTimerInterrupt
                0x000000000800b28c       0x48 ./Middlewares/Third_Party/FreeRTOS/Source/portable/GCC/ARM_CM4F/port.o
                0x000000000800b28c                vPortSetupTimerInterrupt
 .text.vPortEnableVFP
                0x000000000800b2d4       0x14 ./Middlewares/Third_Party/FreeRTOS/Source/portable/GCC/ARM_CM4F/port.o
 .text.vPortValidateInterruptPriority
                0x000000000800b2e8       0x80 ./Middlewares/Third_Party/FreeRTOS/Source/portable/GCC/ARM_CM4F/port.o
                0x000000000800b2e8                vPortValidateInterruptPriority
 .text.pvPortMalloc
                0x000000000800b368      0x198 ./Middlewares/Third_Party/FreeRTOS/Source/portable/MemMang/heap_4.o
                0x000000000800b368                pvPortMalloc
 .text.vPortFree
                0x000000000800b500       0xc4 ./Middlewares/Third_Party/FreeRTOS/Source/portable/MemMang/heap_4.o
                0x000000000800b500                vPortFree
 .text.prvHeapInit
                0x000000000800b5c4       0xc4 ./Middlewares/Third_Party/FreeRTOS/Source/portable/MemMang/heap_4.o
 .text.prvInsertBlockIntoFreeList
                0x000000000800b688       0xb4 ./Middlewares/Third_Party/FreeRTOS/Source/portable/MemMang/heap_4.o
 .text.__errno  0x000000000800b73c        0xc c:/st/stm32cubeide_1.8.0/stm32cubeide/plugins/com.st.stm32cube.ide.mcu.externaltools.gnu-tools-for-stm32.9-2020-q2-update.win32_2.0.0.202105311346/tools/bin/../lib/gcc/arm-none-eabi/9.3.1/../../../../arm-none-eabi/lib/thumb/v7e-m+fp/hard\libc_nano.a(lib_a-errno.o)
                0x000000000800b73c                __errno
 .text.__libc_init_array
                0x000000000800b748       0x48 c:/st/stm32cubeide_1.8.0/stm32cubeide/plugins/com.st.stm32cube.ide.mcu.externaltools.gnu-tools-for-stm32.9-2020-q2-update.win32_2.0.0.202105311346/tools/bin/../lib/gcc/arm-none-eabi/9.3.1/../../../../arm-none-eabi/lib/thumb/v7e-m+fp/hard\libc_nano.a(lib_a-init.o)
                0x000000000800b748                __libc_init_array
 .text.__itoa   0x000000000800b790       0x30 c:/st/stm32cubeide_1.8.0/stm32cubeide/plugins/com.st.stm32cube.ide.mcu.externaltools.gnu-tools-for-stm32.9-2020-q2-update.win32_2.0.0.202105311346/tools/bin/../lib/gcc/arm-none-eabi/9.3.1/../../../../arm-none-eabi/lib/thumb/v7e-m+fp/hard\libc_nano.a(lib_a-itoa.o)
                0x000000000800b790                __itoa
 .text.itoa     0x000000000800b7c0        0x4 c:/st/stm32cubeide_1.8.0/stm32cubeide/plugins/com.st.stm32cube.ide.mcu.externaltools.gnu-tools-for-stm32.9-2020-q2-update.win32_2.0.0.202105311346/tools/bin/../lib/gcc/arm-none-eabi/9.3.1/../../../../arm-none-eabi/lib/thumb/v7e-m+fp/hard\libc_nano.a(lib_a-itoa.o)
                0x000000000800b7c0                itoa
 .text.__retarget_lock_acquire_recursive
                0x000000000800b7c4        0x2 c:/st/stm32cubeide_1.8.0/stm32cubeide/plugins/com.st.stm32cube.ide.mcu.externaltools.gnu-tools-for-stm32.9-2020-q2-update.win32_2.0.0.202105311346/tools/bin/../lib/gcc/arm-none-eabi/9.3.1/../../../../arm-none-eabi/lib/thumb/v7e-m+fp/hard\libc_nano.a(lib_a-lock.o)
                0x000000000800b7c4                __retarget_lock_acquire_recursive
 .text.__retarget_lock_release_recursive
                0x000000000800b7c6        0x2 c:/st/stm32cubeide_1.8.0/stm32cubeide/plugins/com.st.stm32cube.ide.mcu.externaltools.gnu-tools-for-stm32.9-2020-q2-update.win32_2.0.0.202105311346/tools/bin/../lib/gcc/arm-none-eabi/9.3.1/../../../../arm-none-eabi/lib/thumb/v7e-m+fp/hard\libc_nano.a(lib_a-lock.o)
                0x000000000800b7c6                __retarget_lock_release_recursive
 .text.malloc   0x000000000800b7c8       0x10 c:/st/stm32cubeide_1.8.0/stm32cubeide/plugins/com.st.stm32cube.ide.mcu.externaltools.gnu-tools-for-stm32.9-2020-q2-update.win32_2.0.0.202105311346/tools/bin/../lib/gcc/arm-none-eabi/9.3.1/../../../../arm-none-eabi/lib/thumb/v7e-m+fp/hard\libc_nano.a(lib_a-malloc.o)
                0x000000000800b7c8                malloc
 .text.free     0x000000000800b7d8       0x10 c:/st/stm32cubeide_1.8.0/stm32cubeide/plugins/com.st.stm32cube.ide.mcu.externaltools.gnu-tools-for-stm32.9-2020-q2-update.win32_2.0.0.202105311346/tools/bin/../lib/gcc/arm-none-eabi/9.3.1/../../../../arm-none-eabi/lib/thumb/v7e-m+fp/hard\libc_nano.a(lib_a-malloc.o)
                0x000000000800b7d8                free
 .text.memcpy   0x000000000800b7e8       0x1c c:/st/stm32cubeide_1.8.0/stm32cubeide/plugins/com.st.stm32cube.ide.mcu.externaltools.gnu-tools-for-stm32.9-2020-q2-update.win32_2.0.0.202105311346/tools/bin/../lib/gcc/arm-none-eabi/9.3.1/../../../../arm-none-eabi/lib/thumb/v7e-m+fp/hard\libc_nano.a(lib_a-memcpy-stub.o)
                0x000000000800b7e8                memcpy
 .text.memset   0x000000000800b804       0x10 c:/st/stm32cubeide_1.8.0/stm32cubeide/plugins/com.st.stm32cube.ide.mcu.externaltools.gnu-tools-for-stm32.9-2020-q2-update.win32_2.0.0.202105311346/tools/bin/../lib/gcc/arm-none-eabi/9.3.1/../../../../arm-none-eabi/lib/thumb/v7e-m+fp/hard\libc_nano.a(lib_a-memset.o)
                0x000000000800b804                memset
 .text._free_r  0x000000000800b814       0xa0 c:/st/stm32cubeide_1.8.0/stm32cubeide/plugins/com.st.stm32cube.ide.mcu.externaltools.gnu-tools-for-stm32.9-2020-q2-update.win32_2.0.0.202105311346/tools/bin/../lib/gcc/arm-none-eabi/9.3.1/../../../../arm-none-eabi/lib/thumb/v7e-m+fp/hard\libc_nano.a(lib_a-nano-freer.o)
                0x000000000800b814                _free_r
 .text._malloc_r
                0x000000000800b8b4       0xb4 c:/st/stm32cubeide_1.8.0/stm32cubeide/plugins/com.st.stm32cube.ide.mcu.externaltools.gnu-tools-for-stm32.9-2020-q2-update.win32_2.0.0.202105311346/tools/bin/../lib/gcc/arm-none-eabi/9.3.1/../../../../arm-none-eabi/lib/thumb/v7e-m+fp/hard\libc_nano.a(lib_a-nano-mallocr.o)
                0x000000000800b8b4                _malloc_r
 .text.cleanup_glue
                0x000000000800b968       0x1a c:/st/stm32cubeide_1.8.0/stm32cubeide/plugins/com.st.stm32cube.ide.mcu.externaltools.gnu-tools-for-stm32.9-2020-q2-update.win32_2.0.0.202105311346/tools/bin/../lib/gcc/arm-none-eabi/9.3.1/../../../../arm-none-eabi/lib/thumb/v7e-m+fp/hard\libc_nano.a(lib_a-reent.o)
                0x000000000800b968                cleanup_glue
 *fill*         0x000000000800b982        0x2 
 .text._reclaim_reent
                0x000000000800b984       0xb8 c:/st/stm32cubeide_1.8.0/stm32cubeide/plugins/com.st.stm32cube.ide.mcu.externaltools.gnu-tools-for-stm32.9-2020-q2-update.win32_2.0.0.202105311346/tools/bin/../lib/gcc/arm-none-eabi/9.3.1/../../../../arm-none-eabi/lib/thumb/v7e-m+fp/hard\libc_nano.a(lib_a-reent.o)
                0x000000000800b984                _reclaim_reent
 .text._sbrk_r  0x000000000800ba3c       0x20 c:/st/stm32cubeide_1.8.0/stm32cubeide/plugins/com.st.stm32cube.ide.mcu.externaltools.gnu-tools-for-stm32.9-2020-q2-update.win32_2.0.0.202105311346/tools/bin/../lib/gcc/arm-none-eabi/9.3.1/../../../../arm-none-eabi/lib/thumb/v7e-m+fp/hard\libc_nano.a(lib_a-sbrkr.o)
                0x000000000800ba3c                _sbrk_r
 .text.strcat   0x000000000800ba5c       0x1e c:/st/stm32cubeide_1.8.0/stm32cubeide/plugins/com.st.stm32cube.ide.mcu.externaltools.gnu-tools-for-stm32.9-2020-q2-update.win32_2.0.0.202105311346/tools/bin/../lib/gcc/arm-none-eabi/9.3.1/../../../../arm-none-eabi/lib/thumb/v7e-m+fp/hard\libc_nano.a(lib_a-strcat.o)
                0x000000000800ba5c                strcat
 *fill*         0x000000000800ba7a        0x2 
 .text.__utoa   0x000000000800ba7c       0x84 c:/st/stm32cubeide_1.8.0/stm32cubeide/plugins/com.st.stm32cube.ide.mcu.externaltools.gnu-tools-for-stm32.9-2020-q2-update.win32_2.0.0.202105311346/tools/bin/../lib/gcc/arm-none-eabi/9.3.1/../../../../arm-none-eabi/lib/thumb/v7e-m+fp/hard\libc_nano.a(lib_a-utoa.o)
                0x000000000800ba7c                __utoa
 .text._vsprintf_r
                0x000000000800bb00       0x2c c:/st/stm32cubeide_1.8.0/stm32cubeide/plugins/com.st.stm32cube.ide.mcu.externaltools.gnu-tools-for-stm32.9-2020-q2-update.win32_2.0.0.202105311346/tools/bin/../lib/gcc/arm-none-eabi/9.3.1/../../../../arm-none-eabi/lib/thumb/v7e-m+fp/hard\libc_nano.a(lib_a-vsprintf.o)
                0x000000000800bb00                _vsprintf_r
                0x000000000800bb00                _vsiprintf_r
 .text.vsprintf
                0x000000000800bb2c       0x14 c:/st/stm32cubeide_1.8.0/stm32cubeide/plugins/com.st.stm32cube.ide.mcu.externaltools.gnu-tools-for-stm32.9-2020-q2-update.win32_2.0.0.202105311346/tools/bin/../lib/gcc/arm-none-eabi/9.3.1/../../../../arm-none-eabi/lib/thumb/v7e-m+fp/hard\libc_nano.a(lib_a-vsprintf.o)
                0x000000000800bb2c                vsiprintf
                0x000000000800bb2c                vsprintf
 .text.__malloc_lock
                0x000000000800bb40        0xc c:/st/stm32cubeide_1.8.0/stm32cubeide/plugins/com.st.stm32cube.ide.mcu.externaltools.gnu-tools-for-stm32.9-2020-q2-update.win32_2.0.0.202105311346/tools/bin/../lib/gcc/arm-none-eabi/9.3.1/../../../../arm-none-eabi/lib/thumb/v7e-m+fp/hard\libc_nano.a(lib_a-mlock.o)
                0x000000000800bb40                __malloc_lock
 .text.__malloc_unlock
                0x000000000800bb4c        0xc c:/st/stm32cubeide_1.8.0/stm32cubeide/plugins/com.st.stm32cube.ide.mcu.externaltools.gnu-tools-for-stm32.9-2020-q2-update.win32_2.0.0.202105311346/tools/bin/../lib/gcc/arm-none-eabi/9.3.1/../../../../arm-none-eabi/lib/thumb/v7e-m+fp/hard\libc_nano.a(lib_a-mlock.o)
                0x000000000800bb4c                __malloc_unlock
 .text.__ssputs_r
                0x000000000800bb58       0xb6 c:/st/stm32cubeide_1.8.0/stm32cubeide/plugins/com.st.stm32cube.ide.mcu.externaltools.gnu-tools-for-stm32.9-2020-q2-update.win32_2.0.0.202105311346/tools/bin/../lib/gcc/arm-none-eabi/9.3.1/../../../../arm-none-eabi/lib/thumb/v7e-m+fp/hard\libc_nano.a(lib_a-nano-svfprintf.o)
                0x000000000800bb58                __ssputs_r
 *fill*         0x000000000800bc0e        0x2 
 .text._svfprintf_r
                0x000000000800bc10      0x200 c:/st/stm32cubeide_1.8.0/stm32cubeide/plugins/com.st.stm32cube.ide.mcu.externaltools.gnu-tools-for-stm32.9-2020-q2-update.win32_2.0.0.202105311346/tools/bin/../lib/gcc/arm-none-eabi/9.3.1/../../../../arm-none-eabi/lib/thumb/v7e-m+fp/hard\libc_nano.a(lib_a-nano-svfprintf.o)
                0x000000000800bc10                _svfiprintf_r
                0x000000000800bc10                _svfprintf_r
 .text._printf_common
                0x000000000800be10       0xda c:/st/stm32cubeide_1.8.0/stm32cubeide/plugins/com.st.stm32cube.ide.mcu.externaltools.gnu-tools-for-stm32.9-2020-q2-update.win32_2.0.0.202105311346/tools/bin/../lib/gcc/arm-none-eabi/9.3.1/../../../../arm-none-eabi/lib/thumb/v7e-m+fp/hard\libc_nano.a(lib_a-nano-vfprintf_i.o)
                0x000000000800be10                _printf_common
 *fill*         0x000000000800beea        0x2 
 .text._printf_i
                0x000000000800beec      0x24c c:/st/stm32cubeide_1.8.0/stm32cubeide/plugins/com.st.stm32cube.ide.mcu.externaltools.gnu-tools-for-stm32.9-2020-q2-update.win32_2.0.0.202105311346/tools/bin/../lib/gcc/arm-none-eabi/9.3.1/../../../../arm-none-eabi/lib/thumb/v7e-m+fp/hard\libc_nano.a(lib_a-nano-vfprintf_i.o)
                0x000000000800beec                _printf_i
 .text.memmove  0x000000000800c138       0x34 c:/st/stm32cubeide_1.8.0/stm32cubeide/plugins/com.st.stm32cube.ide.mcu.externaltools.gnu-tools-for-stm32.9-2020-q2-update.win32_2.0.0.202105311346/tools/bin/../lib/gcc/arm-none-eabi/9.3.1/../../../../arm-none-eabi/lib/thumb/v7e-m+fp/hard\libc_nano.a(lib_a-memmove.o)
                0x000000000800c138                memmove
 .text._realloc_r
                0x000000000800c16c       0x4c c:/st/stm32cubeide_1.8.0/stm32cubeide/plugins/com.st.stm32cube.ide.mcu.externaltools.gnu-tools-for-stm32.9-2020-q2-update.win32_2.0.0.202105311346/tools/bin/../lib/gcc/arm-none-eabi/9.3.1/../../../../arm-none-eabi/lib/thumb/v7e-m+fp/hard\libc_nano.a(lib_a-nano-reallocr.o)
                0x000000000800c16c                _realloc_r
 .text._malloc_usable_size_r
                0x000000000800c1b8       0x10 c:/st/stm32cubeide_1.8.0/stm32cubeide/plugins/com.st.stm32cube.ide.mcu.externaltools.gnu-tools-for-stm32.9-2020-q2-update.win32_2.0.0.202105311346/tools/bin/../lib/gcc/arm-none-eabi/9.3.1/../../../../arm-none-eabi/lib/thumb/v7e-m+fp/hard\libc_nano.a(lib_a-nano-msizer.o)
                0x000000000800c1b8                _malloc_usable_size_r
 .text.cosf     0x000000000800c1c8       0x80 c:/st/stm32cubeide_1.8.0/stm32cubeide/plugins/com.st.stm32cube.ide.mcu.externaltools.gnu-tools-for-stm32.9-2020-q2-update.win32_2.0.0.202105311346/tools/bin/../lib/gcc/arm-none-eabi/9.3.1/../../../../arm-none-eabi/lib/thumb/v7e-m+fp/hard\libm.a(lib_a-sf_cos.o)
                0x000000000800c1c8                cosf
 .text.sinf     0x000000000800c248       0x84 c:/st/stm32cubeide_1.8.0/stm32cubeide/plugins/com.st.stm32cube.ide.mcu.externaltools.gnu-tools-for-stm32.9-2020-q2-update.win32_2.0.0.202105311346/tools/bin/../lib/gcc/arm-none-eabi/9.3.1/../../../../arm-none-eabi/lib/thumb/v7e-m+fp/hard\libm.a(lib_a-sf_sin.o)
                0x000000000800c248                sinf
 .text.__ieee754_rem_pio2f
                0x000000000800c2cc      0x278 c:/st/stm32cubeide_1.8.0/stm32cubeide/plugins/com.st.stm32cube.ide.mcu.externaltools.gnu-tools-for-stm32.9-2020-q2-update.win32_2.0.0.202105311346/tools/bin/../lib/gcc/arm-none-eabi/9.3.1/../../../../arm-none-eabi/lib/thumb/v7e-m+fp/hard\libm.a(lib_a-ef_rem_pio2.o)
                0x000000000800c2cc                __ieee754_rem_pio2f
 .text.__kernel_cosf
                0x000000000800c544       0xc0 c:/st/stm32cubeide_1.8.0/stm32cubeide/plugins/com.st.stm32cube.ide.mcu.externaltools.gnu-tools-for-stm32.9-2020-q2-update.win32_2.0.0.202105311346/tools/bin/../lib/gcc/arm-none-eabi/9.3.1/../../../../arm-none-eabi/lib/thumb/v7e-m+fp/hard\libm.a(lib_a-kf_cos.o)
                0x000000000800c544                __kernel_cosf
 .text.__kernel_rem_pio2f
                0x000000000800c604      0x514 c:/st/stm32cubeide_1.8.0/stm32cubeide/plugins/com.st.stm32cube.ide.mcu.externaltools.gnu-tools-for-stm32.9-2020-q2-update.win32_2.0.0.202105311346/tools/bin/../lib/gcc/arm-none-eabi/9.3.1/../../../../arm-none-eabi/lib/thumb/v7e-m+fp/hard\libm.a(lib_a-kf_rem_pio2.o)
                0x000000000800c604                __kernel_rem_pio2f
 .text.__kernel_sinf
                0x000000000800cb18       0x90 c:/st/stm32cubeide_1.8.0/stm32cubeide/plugins/com.st.stm32cube.ide.mcu.externaltools.gnu-tools-for-stm32.9-2020-q2-update.win32_2.0.0.202105311346/tools/bin/../lib/gcc/arm-none-eabi/9.3.1/../../../../arm-none-eabi/lib/thumb/v7e-m+fp/hard\libm.a(lib_a-kf_sin.o)
                0x000000000800cb18                __kernel_sinf
 .text.fabsf    0x000000000800cba8        0xe c:/st/stm32cubeide_1.8.0/stm32cubeide/plugins/com.st.stm32cube.ide.mcu.externaltools.gnu-tools-for-stm32.9-2020-q2-update.win32_2.0.0.202105311346/tools/bin/../lib/gcc/arm-none-eabi/9.3.1/../../../../arm-none-eabi/lib/thumb/v7e-m+fp/hard\libm.a(lib_a-sf_fabs.o)
                0x000000000800cba8                fabsf
 *fill*         0x000000000800cbb6        0x2 
 .text.floorf   0x000000000800cbb8       0x84 c:/st/stm32cubeide_1.8.0/stm32cubeide/plugins/com.st.stm32cube.ide.mcu.externaltools.gnu-tools-for-stm32.9-2020-q2-update.win32_2.0.0.202105311346/tools/bin/../lib/gcc/arm-none-eabi/9.3.1/../../../../arm-none-eabi/lib/thumb/v7e-m+fp/hard\libm.a(lib_a-sf_floor.o)
                0x000000000800cbb8                floorf
 .text.scalbnf  0x000000000800cc3c       0xe4 c:/st/stm32cubeide_1.8.0/stm32cubeide/plugins/com.st.stm32cube.ide.mcu.externaltools.gnu-tools-for-stm32.9-2020-q2-update.win32_2.0.0.202105311346/tools/bin/../lib/gcc/arm-none-eabi/9.3.1/../../../../arm-none-eabi/lib/thumb/v7e-m+fp/hard\libm.a(lib_a-sf_scalbn.o)
                0x000000000800cc3c                scalbnf
 *(.glue_7)
 .glue_7        0x000000000800cd20        0x0 linker stubs
 *(.glue_7t)
 .glue_7t       0x000000000800cd20        0x0 linker stubs
 *(.eh_frame)
 .eh_frame      0x000000000800cd20        0x0 c:/st/stm32cubeide_1.8.0/stm32cubeide/plugins/com.st.stm32cube.ide.mcu.externaltools.gnu-tools-for-stm32.9-2020-q2-update.win32_2.0.0.202105311346/tools/bin/../lib/gcc/arm-none-eabi/9.3.1/thumb/v7e-m+fp/hard/crtbegin.o
 *(.init)
 .init          0x000000000800cd20        0x4 c:/st/stm32cubeide_1.8.0/stm32cubeide/plugins/com.st.stm32cube.ide.mcu.externaltools.gnu-tools-for-stm32.9-2020-q2-update.win32_2.0.0.202105311346/tools/bin/../lib/gcc/arm-none-eabi/9.3.1/thumb/v7e-m+fp/hard/crti.o
                0x000000000800cd20                _init
 .init          0x000000000800cd24        0x8 c:/st/stm32cubeide_1.8.0/stm32cubeide/plugins/com.st.stm32cube.ide.mcu.externaltools.gnu-tools-for-stm32.9-2020-q2-update.win32_2.0.0.202105311346/tools/bin/../lib/gcc/arm-none-eabi/9.3.1/thumb/v7e-m+fp/hard/crtn.o
 *(.fini)
 .fini          0x000000000800cd2c        0x4 c:/st/stm32cubeide_1.8.0/stm32cubeide/plugins/com.st.stm32cube.ide.mcu.externaltools.gnu-tools-for-stm32.9-2020-q2-update.win32_2.0.0.202105311346/tools/bin/../lib/gcc/arm-none-eabi/9.3.1/thumb/v7e-m+fp/hard/crti.o
                0x000000000800cd2c                _fini
 .fini          0x000000000800cd30        0x8 c:/st/stm32cubeide_1.8.0/stm32cubeide/plugins/com.st.stm32cube.ide.mcu.externaltools.gnu-tools-for-stm32.9-2020-q2-update.win32_2.0.0.202105311346/tools/bin/../lib/gcc/arm-none-eabi/9.3.1/thumb/v7e-m+fp/hard/crtn.o
                0x000000000800cd38                . = ALIGN (0x4)
                0x000000000800cd38                _etext = .

.vfp11_veneer   0x000000000800cd38        0x0
 .vfp11_veneer  0x000000000800cd38        0x0 linker stubs

.v4_bx          0x000000000800cd38        0x0
 .v4_bx         0x000000000800cd38        0x0 linker stubs

.iplt           0x000000000800cd38        0x0
 .iplt          0x000000000800cd38        0x0 c:/st/stm32cubeide_1.8.0/stm32cubeide/plugins/com.st.stm32cube.ide.mcu.externaltools.gnu-tools-for-stm32.9-2020-q2-update.win32_2.0.0.202105311346/tools/bin/../lib/gcc/arm-none-eabi/9.3.1/thumb/v7e-m+fp/hard/crtbegin.o

.rodata         0x000000000800cd38     0x30c4
                0x000000000800cd38                . = ALIGN (0x4)
 *(.rodata)
 .rodata        0x000000000800cd38       0x8c ./Core/Src/main.o
 .rodata        0x000000000800cdc4        0x5 ./Middlewares/Third_Party/FreeRTOS/Source/tasks.o
 *fill*         0x000000000800cdc9        0x3 
 .rodata        0x000000000800cdcc        0xd ./Middlewares/Third_Party/FreeRTOS/Source/timers.o
 *(.rodata*)
 *fill*         0x000000000800cdd9        0x3 
 .rodata.defaultTask_attributes
                0x000000000800cddc       0x24 ./Core/Src/main.o
                0x000000000800cddc                defaultTask_attributes
 .rodata.myTask02_attributes
                0x000000000800ce00       0x24 ./Core/Src/main.o
                0x000000000800ce00                myTask02_attributes
 .rodata.myTask03_attributes
                0x000000000800ce24       0x24 ./Core/Src/main.o
                0x000000000800ce24                myTask03_attributes
 .rodata.flagBitshiftOffset.9441
                0x000000000800ce48        0x8 ./Core/Src/stm32f4xx_hal_dma.o
 .rodata.AHBPrescTable
                0x000000000800ce50       0x10 ./Core/Src/system_stm32f4xx.o
                0x000000000800ce50                AHBPrescTable
 .rodata.APBPrescTable
                0x000000000800ce60        0x8 ./Core/Src/system_stm32f4xx.o
                0x000000000800ce60                APBPrescTable
 .rodata.Font24_Table
                0x000000000800ce68     0x1ab8 ./Drivers/BSP/STM32F429I-Discovery/stm32f429i_discovery_lcd.o
                0x000000000800ce68                Font24_Table
 .rodata.Font16_Table
                0x000000000800e920      0xbe0 ./Drivers/BSP/STM32F429I-Discovery/stm32f429i_discovery_lcd.o
                0x000000000800e920                Font16_Table
 .rodata.Font12_Table
                0x000000000800f500      0x474 ./Drivers/BSP/STM32F429I-Discovery/stm32f429i_discovery_lcd.o
                0x000000000800f500                Font12_Table
 .rodata.__sf_fake_stderr
                0x000000000800f974       0x20 c:/st/stm32cubeide_1.8.0/stm32cubeide/plugins/com.st.stm32cube.ide.mcu.externaltools.gnu-tools-for-stm32.9-2020-q2-update.win32_2.0.0.202105311346/tools/bin/../lib/gcc/arm-none-eabi/9.3.1/../../../../arm-none-eabi/lib/thumb/v7e-m+fp/hard\libc_nano.a(lib_a-findfp.o)
                0x000000000800f974                __sf_fake_stderr
 .rodata.__sf_fake_stdin
                0x000000000800f994       0x20 c:/st/stm32cubeide_1.8.0/stm32cubeide/plugins/com.st.stm32cube.ide.mcu.externaltools.gnu-tools-for-stm32.9-2020-q2-update.win32_2.0.0.202105311346/tools/bin/../lib/gcc/arm-none-eabi/9.3.1/../../../../arm-none-eabi/lib/thumb/v7e-m+fp/hard\libc_nano.a(lib_a-findfp.o)
                0x000000000800f994                __sf_fake_stdin
 .rodata.__sf_fake_stdout
                0x000000000800f9b4       0x20 c:/st/stm32cubeide_1.8.0/stm32cubeide/plugins/com.st.stm32cube.ide.mcu.externaltools.gnu-tools-for-stm32.9-2020-q2-update.win32_2.0.0.202105311346/tools/bin/../lib/gcc/arm-none-eabi/9.3.1/../../../../arm-none-eabi/lib/thumb/v7e-m+fp/hard\libc_nano.a(lib_a-findfp.o)
                0x000000000800f9b4                __sf_fake_stdout
 .rodata.__utoa.str1.1
                0x000000000800f9d4       0x25 c:/st/stm32cubeide_1.8.0/stm32cubeide/plugins/com.st.stm32cube.ide.mcu.externaltools.gnu-tools-for-stm32.9-2020-q2-update.win32_2.0.0.202105311346/tools/bin/../lib/gcc/arm-none-eabi/9.3.1/../../../../arm-none-eabi/lib/thumb/v7e-m+fp/hard\libc_nano.a(lib_a-utoa.o)
 .rodata._svfprintf_r.str1.1
                0x000000000800f9f9       0x11 c:/st/stm32cubeide_1.8.0/stm32cubeide/plugins/com.st.stm32cube.ide.mcu.externaltools.gnu-tools-for-stm32.9-2020-q2-update.win32_2.0.0.202105311346/tools/bin/../lib/gcc/arm-none-eabi/9.3.1/../../../../arm-none-eabi/lib/thumb/v7e-m+fp/hard\libc_nano.a(lib_a-nano-svfprintf.o)
 .rodata._printf_i.str1.1
                0x000000000800fa0a       0x22 c:/st/stm32cubeide_1.8.0/stm32cubeide/plugins/com.st.stm32cube.ide.mcu.externaltools.gnu-tools-for-stm32.9-2020-q2-update.win32_2.0.0.202105311346/tools/bin/../lib/gcc/arm-none-eabi/9.3.1/../../../../arm-none-eabi/lib/thumb/v7e-m+fp/hard\libc_nano.a(lib_a-nano-vfprintf_i.o)
 .rodata.npio2_hw
                0x000000000800fa2c       0x80 c:/st/stm32cubeide_1.8.0/stm32cubeide/plugins/com.st.stm32cube.ide.mcu.externaltools.gnu-tools-for-stm32.9-2020-q2-update.win32_2.0.0.202105311346/tools/bin/../lib/gcc/arm-none-eabi/9.3.1/../../../../arm-none-eabi/lib/thumb/v7e-m+fp/hard\libm.a(lib_a-ef_rem_pio2.o)
 .rodata.two_over_pi
                0x000000000800faac      0x318 c:/st/stm32cubeide_1.8.0/stm32cubeide/plugins/com.st.stm32cube.ide.mcu.externaltools.gnu-tools-for-stm32.9-2020-q2-update.win32_2.0.0.202105311346/tools/bin/../lib/gcc/arm-none-eabi/9.3.1/../../../../arm-none-eabi/lib/thumb/v7e-m+fp/hard\libm.a(lib_a-ef_rem_pio2.o)
 .rodata.PIo2   0x000000000800fdc4       0x2c c:/st/stm32cubeide_1.8.0/stm32cubeide/plugins/com.st.stm32cube.ide.mcu.externaltools.gnu-tools-for-stm32.9-2020-q2-update.win32_2.0.0.202105311346/tools/bin/../lib/gcc/arm-none-eabi/9.3.1/../../../../arm-none-eabi/lib/thumb/v7e-m+fp/hard\libm.a(lib_a-kf_rem_pio2.o)
 .rodata.init_jk
                0x000000000800fdf0        0xc c:/st/stm32cubeide_1.8.0/stm32cubeide/plugins/com.st.stm32cube.ide.mcu.externaltools.gnu-tools-for-stm32.9-2020-q2-update.win32_2.0.0.202105311346/tools/bin/../lib/gcc/arm-none-eabi/9.3.1/../../../../arm-none-eabi/lib/thumb/v7e-m+fp/hard\libm.a(lib_a-kf_rem_pio2.o)
                0x000000000800fdfc                . = ALIGN (0x4)

.ARM.extab      0x000000000800fdfc        0x0
                0x000000000800fdfc                . = ALIGN (0x4)
 *(.ARM.extab* .gnu.linkonce.armextab.*)
                0x000000000800fdfc                . = ALIGN (0x4)

.ARM            0x000000000800fdfc        0x8
                0x000000000800fdfc                . = ALIGN (0x4)
                0x000000000800fdfc                __exidx_start = .
 *(.ARM.exidx*)
 .ARM.exidx     0x000000000800fdfc        0x8 c:/st/stm32cubeide_1.8.0/stm32cubeide/plugins/com.st.stm32cube.ide.mcu.externaltools.gnu-tools-for-stm32.9-2020-q2-update.win32_2.0.0.202105311346/tools/bin/../lib/gcc/arm-none-eabi/9.3.1/thumb/v7e-m+fp/hard\libgcc.a(_udivmoddi4.o)
                0x000000000800fe04                __exidx_end = .
                0x000000000800fe04                . = ALIGN (0x4)

.rel.dyn        0x000000000800fe04        0x0
 .rel.iplt      0x000000000800fe04        0x0 c:/st/stm32cubeide_1.8.0/stm32cubeide/plugins/com.st.stm32cube.ide.mcu.externaltools.gnu-tools-for-stm32.9-2020-q2-update.win32_2.0.0.202105311346/tools/bin/../lib/gcc/arm-none-eabi/9.3.1/thumb/v7e-m+fp/hard/crtbegin.o

.preinit_array  0x000000000800fe04        0x0
                0x000000000800fe04                . = ALIGN (0x4)
                0x000000000800fe04                PROVIDE (__preinit_array_start = .)
 *(.preinit_array*)
                0x000000000800fe04                PROVIDE (__preinit_array_end = .)
                0x000000000800fe04                . = ALIGN (0x4)

.init_array     0x000000000800fe04        0x4
                0x000000000800fe04                . = ALIGN (0x4)
                0x000000000800fe04                PROVIDE (__init_array_start = .)
 *(SORT_BY_NAME(.init_array.*))
 *(.init_array*)
 .init_array    0x000000000800fe04        0x4 c:/st/stm32cubeide_1.8.0/stm32cubeide/plugins/com.st.stm32cube.ide.mcu.externaltools.gnu-tools-for-stm32.9-2020-q2-update.win32_2.0.0.202105311346/tools/bin/../lib/gcc/arm-none-eabi/9.3.1/thumb/v7e-m+fp/hard/crtbegin.o
                0x000000000800fe08                PROVIDE (__init_array_end = .)
                0x000000000800fe08                . = ALIGN (0x4)

.fini_array     0x000000000800fe08        0x4
                0x000000000800fe08                . = ALIGN (0x4)
                [!provide]                        PROVIDE (__fini_array_start = .)
 *(SORT_BY_NAME(.fini_array.*))
 *(.fini_array*)
 .fini_array    0x000000000800fe08        0x4 c:/st/stm32cubeide_1.8.0/stm32cubeide/plugins/com.st.stm32cube.ide.mcu.externaltools.gnu-tools-for-stm32.9-2020-q2-update.win32_2.0.0.202105311346/tools/bin/../lib/gcc/arm-none-eabi/9.3.1/thumb/v7e-m+fp/hard/crtbegin.o
                [!provide]                        PROVIDE (__fini_array_end = .)
                0x000000000800fe0c                . = ALIGN (0x4)
                0x000000000800fe0c                _sidata = LOADADDR (.data)

.data           0x0000000020000000       0xd4 load address 0x000000000800fe0c
                0x0000000020000000                . = ALIGN (0x4)
                0x0000000020000000                _sdata = .
 *(.data)
 *(.data*)
 .data.TIMx_clock_frequency
                0x0000000020000000        0x4 ./Core/Src/main.o
                0x0000000020000000                TIMx_clock_frequency
 .data.flash_address
                0x0000000020000004        0x4 ./Core/Src/main.o
                0x0000000020000004                flash_address
 .data.SystemCoreClock
                0x0000000020000008        0x4 ./Core/Src/system_stm32f4xx.o
                0x0000000020000008                SystemCoreClock
 .data.ili9341_drv
                0x000000002000000c       0x38 ./Drivers/BSP/Components/ili9341/ili9341.o
                0x000000002000000c                ili9341_drv
 .data.SpixTimeout
                0x0000000020000044        0x4 ./Drivers/BSP/STM32F429I-Discovery/stm32f429i_discovery.o
                0x0000000020000044                SpixTimeout
 .data.Font24   0x0000000020000048        0x8 ./Drivers/BSP/STM32F429I-Discovery/stm32f429i_discovery_lcd.o
                0x0000000020000048                Font24
 .data.Font16   0x0000000020000050        0x8 ./Drivers/BSP/STM32F429I-Discovery/stm32f429i_discovery_lcd.o
                0x0000000020000050                Font16
 .data.Font12   0x0000000020000058        0x8 ./Drivers/BSP/STM32F429I-Discovery/stm32f429i_discovery_lcd.o
                0x0000000020000058                Font12
 .data.sdramstatus.9383
                0x0000000020000060        0x1 ./Drivers/BSP/STM32F429I-Discovery/stm32f429i_discovery_sdram.o
 *fill*         0x0000000020000061        0x3 
 .data.uwTickPrio
                0x0000000020000064        0x4 ./Drivers/STM32F4xx_HAL_Driver/Src/stm32f4xx_hal.o
                0x0000000020000064                uwTickPrio
 .data.uwTickFreq
                0x0000000020000068        0x1 ./Drivers/STM32F4xx_HAL_Driver/Src/stm32f4xx_hal.o
                0x0000000020000068                uwTickFreq
 *fill*         0x0000000020000069        0x3 
 .data.uxCriticalNesting
                0x000000002000006c        0x4 ./Middlewares/Third_Party/FreeRTOS/Source/portable/GCC/ARM_CM4F/port.o
 .data._impure_ptr
                0x0000000020000070        0x4 c:/st/stm32cubeide_1.8.0/stm32cubeide/plugins/com.st.stm32cube.ide.mcu.externaltools.gnu-tools-for-stm32.9-2020-q2-update.win32_2.0.0.202105311346/tools/bin/../lib/gcc/arm-none-eabi/9.3.1/../../../../arm-none-eabi/lib/thumb/v7e-m+fp/hard\libc_nano.a(lib_a-impure.o)
                0x0000000020000070                _impure_ptr
 .data.impure_data