dwt_stm32_delay.h:25:22:DWT_Delay_us	24	static
main.c:111:6:printMessage	112	static
main.c:123:10:Read_HCSR04	16	static
main.c:149:6:HAL_TIM_PeriodElapsedCallback	16	static
main.c:162:6:simulateButtonPress	4	static
main.c:169:6:HAL_GPIO_EXTI_Callback	88	static
main.c:252:6:drawTicks	80	static
main.c:311:6:drawArc	48	static
main.c:331:9:tick_to_needle	88	static
main.c:370:6:drawFilledCircle	24	static
main.c:375:6:drawNeedle	40	static
main.c:421:6:drawArc_with_Lines	48	static
main.c:450:5:main	32	static
main.c:559:6:SystemClock_Config	88	static
main.c:609:13:MX_TIM2_Init	32	static
main.c:654:13:MX_TIM3_Init	32	static
main.c:699:13:MX_USART1_UART_Init	8	static
main.c:732:13:MX_GPIO_Init	56	static
main.c:858:6:StartDefaultTask	24	static
main.c:890:6:StartTask02	16	static
main.c:910:6:StartTask03	136	static
main.c:1044:6:Error_Handler	4	static,ignoring_inline_asm
